Component: ARM Compiler 5.05 update 1 (build 106) Tool: armlink [4d0efa]

==============================================================================

Section Cross References

    main.o(.text) refers to delay.o(.text) for delay_ms
    main.o(.text) refers to rtc.o(.text) for RTC_Init
    main.o(.text) refers to lcd.o(.text) for LCD_Init
    main.o(.text) refers to exti.o(.text) for EXTIX_Init
    main.o(.text) refers to snake.o(.text) for Game_Init
    main.o(.text) refers to timer.o(.text) for TIM3_Int_Init
    main.o(.text) refers to exti.o(.data) for dir
    system_stm32f10x.o(.text) refers to system_stm32f10x.o(.data) for SystemCoreClock
    led.o(.text) refers to stm32f10x_rcc.o(.text) for RCC_APB2PeriphClockCmd
    led.o(.text) refers to stm32f10x_gpio.o(.text) for GPIO_Init
    lcd.o(.text) refers to _printf_percent.o(.ARM.Collect$$_printf_percent$$00000000) for _printf_percent
    lcd.o(.text) refers to _printf_x.o(.ARM.Collect$$_printf_percent$$0000000C) for _printf_x
    lcd.o(.text) refers to _printf_hex_int.o(.text) for _printf_longlong_hex
    lcd.o(.text) refers to lcd.o(.bss) for lcddev
    lcd.o(.text) refers to dflt_clz.o(x$fpl$dfltu) for __aeabi_ui2d
    lcd.o(.text) refers to dmul.o(x$fpl$dmul) for __aeabi_dmul
    lcd.o(.text) refers to dfixu.o(x$fpl$dfixu) for __aeabi_d2uiz
    lcd.o(.text) refers to lcd.o(.data) for POINT_COLOR
    lcd.o(.text) refers to stm32f10x_rcc.o(.text) for RCC_APB2PeriphClockCmd
    lcd.o(.text) refers to stm32f10x_gpio.o(.text) for GPIO_PinRemapConfig
    lcd.o(.text) refers to delay.o(.text) for delay_ms
    lcd.o(.text) refers to noretval__2printf.o(.text) for __2printf
    lcd.o(.text) refers to lcd.o(.constdata) for asc2_1206
    key.o(.text) refers to stm32f10x_rcc.o(.text) for RCC_APB2PeriphClockCmd
    key.o(.text) refers to stm32f10x_gpio.o(.text) for GPIO_PinRemapConfig
    key.o(.text) refers to delay.o(.text) for delay_ms
    key.o(.text) refers to key.o(.data) for key_up
    timer.o(.text) refers to stm32f10x_rcc.o(.text) for RCC_APB1PeriphClockCmd
    timer.o(.text) refers to stm32f10x_tim.o(.text) for TIM_TimeBaseInit
    timer.o(.text) refers to misc.o(.text) for NVIC_Init
    exti.o(.text) refers to stm32f10x_rcc.o(.text) for RCC_APB2PeriphClockCmd
    exti.o(.text) refers to key.o(.text) for KEY_Init
    exti.o(.text) refers to stm32f10x_gpio.o(.text) for GPIO_EXTILineConfig
    exti.o(.text) refers to stm32f10x_exti.o(.text) for EXTI_Init
    exti.o(.text) refers to misc.o(.text) for NVIC_Init
    exti.o(.text) refers to delay.o(.text) for delay_ms
    exti.o(.text) refers to exti.o(.data) for dir
    exti.o(.text) refers to snake.o(.data) for flag
    snake.o(.text) refers to lcd.o(.text) for LCD_Fill
    snake.o(.text) refers to stm32f10x_rtc.o(.text) for RTC_GetCounter
    snake.o(.text) refers to rand.o(.text) for srand
    snake.o(.text) refers to rand.o(.emb_text) for rand
    snake.o(.text) refers to snake.o(.data) for flag
    snake.o(.text) refers to snake.o(.bss) for snake
    rtc.o(.text) refers to misc.o(.text) for NVIC_Init
    rtc.o(.text) refers to stm32f10x_rtc.o(.text) for RTC_GetCounter
    rtc.o(.text) refers to stm32f10x_rcc.o(.text) for RCC_APB1PeriphClockCmd
    rtc.o(.text) refers to stm32f10x_pwr.o(.text) for PWR_BackupAccessCmd
    rtc.o(.text) refers to stm32f10x_bkp.o(.text) for BKP_ReadBackupRegister
    rtc.o(.text) refers to delay.o(.text) for delay_ms
    rtc.o(.text) refers to rtc.o(.constdata) for table_week
    rtc.o(.text) refers to rtc.o(.data) for daycnt
    rtc.o(.text) refers to rtc.o(.bss) for calendar
    delay.o(.text) refers to misc.o(.text) for SysTick_CLKSourceConfig
    delay.o(.text) refers to system_stm32f10x.o(.data) for SystemCoreClock
    delay.o(.text) refers to delay.o(.data) for fac_us
    usart.o(.text) refers (Special) to use_no_semi_2.o(.text) for __use_no_semihosting
    usart.o(.text) refers to stm32f10x_rcc.o(.text) for RCC_APB2PeriphClockCmd
    usart.o(.text) refers to stm32f10x_gpio.o(.text) for GPIO_Init
    usart.o(.text) refers to misc.o(.text) for NVIC_Init
    usart.o(.text) refers to stm32f10x_usart.o(.text) for USART_Init
    usart.o(.text) refers to usart.o(.data) for USART_RX_STA
    usart.o(.text) refers to usart.o(.bss) for USART_RX_BUF
    usart.o(.bss) refers (Special) to use_no_semi_2.o(.text) for __use_no_semihosting
    usart.o(.data) refers (Special) to use_no_semi_2.o(.text) for __use_no_semihosting
    startup_stm32f10x_hd.o(STACK) refers (Special) to heapauxi.o(.text) for __use_two_region_memory
    startup_stm32f10x_hd.o(HEAP) refers (Special) to heapauxi.o(.text) for __use_two_region_memory
    startup_stm32f10x_hd.o(RESET) refers (Special) to heapauxi.o(.text) for __use_two_region_memory
    startup_stm32f10x_hd.o(RESET) refers to startup_stm32f10x_hd.o(STACK) for __initial_sp
    startup_stm32f10x_hd.o(RESET) refers to startup_stm32f10x_hd.o(.text) for Reset_Handler
    startup_stm32f10x_hd.o(RESET) refers to stm32f10x_it.o(.text) for NMI_Handler
[...]
    defsig_rtmem_formal.o(.text) refers to rt_raise.o(.text) for __rt_raise
    rtexit2.o(.ARM.Collect$$rtexit$$00000003) refers to libshutdown.o(.ARM.Collect$$libshutdown$$00000000) for __rt_lib_shutdown
    rtexit2.o(.ARM.Collect$$rtexit$$00000004) refers to usart.o(.text) for _sys_exit
    rtexit2.o(.ARM.exidx) refers to rtexit2.o(.ARM.Collect$$rtexit$$00000001) for .ARM.Collect$$rtexit$$00000001
    rtexit2.o(.ARM.exidx) refers to rtexit2.o(.ARM.Collect$$rtexit$$00000003) for .ARM.Collect$$rtexit$$00000003
    rtexit2.o(.ARM.exidx) refers to rtexit2.o(.ARM.Collect$$rtexit$$00000004) for .ARM.Collect$$rtexit$$00000004
    rt_raise.o(.text) refers to __raise.o(.text) for __raise
    rt_raise.o(.text) refers to usart.o(.text) for _sys_exit
    defsig_exit.o(.text) refers to usart.o(.text) for _sys_exit
    defsig_rtmem_inner.o(.text) refers to defsig_general.o(.text) for __default_signal_display
    __raise.o(.text) refers to defsig.o(CL$$defsig) for __default_signal_handler
    defsig_general.o(.text) refers to sys_wrch.o(.text) for _ttywrch
    libshutdown.o(.ARM.Collect$$libshutdown$$00000000) refers (Special) to libshutdown2.o(.ARM.Collect$$libshutdown$$00000006) for __rt_lib_shutdown_fp_trap_1
    libshutdown.o(.ARM.Collect$$libshutdown$$00000000) refers (Special) to libshutdown2.o(.ARM.Collect$$libshutdown$$0000000E) for __rt_lib_shutdown_heap_1
    libshutdown.o(.ARM.Collect$$libshutdown$$00000000) refers (Special) to libshutdown2.o(.ARM.Collect$$libshutdown$$0000000F) for __rt_lib_shutdown_return
    libshutdown.o(.ARM.Collect$$libshutdown$$00000000) refers (Special) to libshutdown2.o(.ARM.Collect$$libshutdown$$00000009) for __rt_lib_shutdown_signal_1
    libshutdown.o(.ARM.Collect$$libshutdown$$00000000) refers (Special) to libshutdown2.o(.ARM.Collect$$libshutdown$$00000003) for __rt_lib_shutdown_stdio_1
    libshutdown.o(.ARM.Collect$$libshutdown$$00000000) refers (Special) to libshutdown2.o(.ARM.Collect$$libshutdown$$0000000B) for __rt_lib_shutdown_user_alloc_1
    sys_wrch.o(.text) refers (Special) to use_no_semi.o(.text) for __I$use$semihosting
    sys_wrch.o(.text) refers (Special) to indicate_semi.o(.text) for __semihosting_library_function
    defsig.o(CL$$defsig) refers to defsig_rtmem_inner.o(.text) for __rt_SIGRTMEM_inner
    defsig_abrt_inner.o(.text) refers to defsig_general.o(.text) for __default_signal_display
    defsig_fpe_inner.o(.text) refers to defsig_general.o(.text) for __default_signal_display
    defsig_rtred_inner.o(.text) refers to defsig_general.o(.text) for __default_signal_display
    defsig_stak_inner.o(.text) refers to defsig_general.o(.text) for __default_signal_display
    defsig_pvfn_inner.o(.text) refers to defsig_general.o(.text) for __default_signal_display
    defsig_cppl_inner.o(.text) refers to defsig_general.o(.text) for __default_signal_display
    defsig_segv_inner.o(.text) refers to defsig_general.o(.text) for __default_signal_display
    defsig_other.o(.text) refers to defsig_general.o(.text) for __default_signal_display


==============================================================================

Removing Unused input sections from the image.

    Removing led.o(.text), (80 bytes).
    Removing sys.o(.emb_text), (6 bytes).
    Removing sys.o(.text), (12 bytes).
    Removing core_cm3.o(.emb_text), (32 bytes).

4 unused section(s) (total 130 bytes) removed from the image.

==============================================================================

Image Symbol Table

    Local Symbols

    Symbol Name                              Value     Ov Type        Size  Object(Section)

    ../clib/angel/boardlib.s                 0x00000000   Number         0  boardinit3.o ABSOLUTE
    ../clib/angel/boardlib.s                 0x00000000   Number         0  boardinit2.o ABSOLUTE
    ../clib/angel/boardlib.s                 0x00000000   Number         0  boardinit1.o ABSOLUTE
    ../clib/angel/boardlib.s                 0x00000000   Number         0  boardshut.o ABSOLUTE
    ../clib/angel/handlers.s                 0x00000000   Number         0  __scatter_zi.o ABSOLUTE
    ../clib/angel/handlers.s                 0x00000000   Number         0  __scatter_copy.o ABSOLUTE
    ../clib/angel/kernel.s                   0x00000000   Number         0  __rtentry.o ABSOLUTE
    ../clib/angel/kernel.s                   0x00000000   Number         0  rtexit.o ABSOLUTE
    ../clib/angel/kernel.s                   0x00000000   Number         0  __rtentry2.o ABSOLUTE
    ../clib/angel/kernel.s                   0x00000000   Number         0  __rtentry4.o ABSOLUTE
    ../clib/angel/kernel.s                   0x00000000   Number         0  rtexit2.o ABSOLUTE
    ../clib/angel/rt.s                       0x00000000   Number         0  rt_raise.o ABSOLUTE
    ../clib/angel/scatter.s                  0x00000000   Number         0  __scatter.o ABSOLUTE
    ../clib/angel/startup.s                  0x00000000   Number         0  __main.o ABSOLUTE
    ../clib/angel/sys.s                      0x00000000   Number         0  libspace.o ABSOLUTE
    ../clib/angel/sys.s                      0x00000000   Number         0  use_no_semi.o ABSOLUTE
    ../clib/angel/sys.s                      0x00000000   Number         0  use_no_semi_2.o ABSOLUTE
    ../clib/angel/sys.s                      0x00000000   Number         0  indicate_semi.o ABSOLUTE
    ../clib/angel/sys.s                      0x00000000   Number         0  sys_stackheap_outer.o ABSOLUTE
    ../clib/angel/sysapp.c                   0x00000000   Number         0  sys_wrch.o ABSOLUTE
    ../clib/angel/sysapp.c                   0x00000000   Number         0  sys_command.o ABSOLUTE
    ../clib/armsys.c                         0x00000000   Number         0  _get_argv_nomalloc.o ABSOLUTE
    ../clib/armsys.c                         0x00000000   Number         0  argv_veneer.o ABSOLUTE
    ../clib/armsys.c                         0x00000000   Number         0  argv_veneer.o ABSOLUTE
    ../clib/armsys.c                         0x00000000   Number         0  no_argv.o ABSOLUTE
    ../clib/heapalloc.c                      0x00000000   Number         0  hrguard.o ABSOLUTE
    ../clib/heapaux.c                        0x00000000   Number         0  heapauxi.o ABSOLUTE
    ../clib/libinit.s                        0x00000000   Number         0  libshutdown2.o ABSOLUTE
    ../clib/libinit.s                        0x00000000   Number         0  libshutdown.o ABSOLUTE
    ../clib/libinit.s                        0x00000000   Number         0  libinit.o ABSOLUTE
    ../clib/libinit.s                        0x00000000   Number         0  libinit2.o ABSOLUTE
    ../clib/printf.c                         0x00000000   Number         0  _printf_intcommon.o ABSOLUTE
    ../clib/printf.c                         0x00000000   Number         0  __printf_nopercent.o ABSOLUTE
    ../clib/printf.c                         0x00000000   Number         0  __printf_flags_ss_wp.o ABSOLUTE
    ../clib/printf.c                         0x00000000   Number         0  __printf_ss_wp.o ABSOLUTE
    ../clib/printf.c                         0x00000000   Number         0  __printf_flags_wp.o ABSOLUTE
    ../clib/printf.c                         0x00000000   Number         0  _printf_char_common.o ABSOLUTE
    ../clib/printf.c                         0x00000000   Number         0  noretval__2printf.o ABSOLUTE
    ../clib/printf.c                         0x00000000   Number         0  __printf.o ABSOLUTE
    ../clib/printf.c                         0x00000000   Number         0  _printf_hex_ll.o ABSOLUTE
    ../clib/printf.c                         0x00000000   Number         0  _printf_hex_int.o ABSOLUTE
    ../clib/printf.c                         0x00000000   Number         0  __2printf.o ABSOLUTE
    ../clib/printf.c                         0x00000000   Number         0  _printf_char_file.o ABSOLUTE
    ../clib/printf.c                         0x00000000   Number         0  _printf_hex_int_ll.o ABSOLUTE
    ../clib/printf.c                         0x00000000   Number         0  _printf_hex_ptr.o ABSOLUTE
    ../clib/printf.c                         0x00000000   Number         0  _printf_hex_int_ptr.o ABSOLUTE
    ../clib/printf.c                         0x00000000   Number         0  _printf_hex_ll_ptr.o ABSOLUTE
    ../clib/printf.c                         0x00000000   Number         0  _printf_hex_int_ll_ptr.o ABSOLUTE
    ../clib/printf.c                         0x00000000   Number         0  __printf_flags.o ABSOLUTE
    ../clib/printf.c                         0x00000000   Number         0  __printf_ss.o ABSOLUTE
    ../clib/printf.c                         0x00000000   Number         0  __printf_flags_ss.o ABSOLUTE
    ../clib/printf.c                         0x00000000   Number         0  __printf_wp.o ABSOLUTE
    ../clib/printf_percent.s                 0x00000000   Number         0  _printf_percent.o ABSOLUTE
    ../clib/printf_percent.s                 0x00000000   Number         0  _printf_x.o ABSOLUTE
    ../clib/printf_percent.s                 0x00000000   Number         0  _printf_percent_end.o ABSOLUTE
    ../clib/signal.c                         0x00000000   Number         0  defsig_segv_inner.o ABSOLUTE
    ../clib/signal.c                         0x00000000   Number         0  defsig_cppl_inner.o ABSOLUTE
    ../clib/signal.c                         0x00000000   Number         0  defsig_stak_inner.o ABSOLUTE
    ../clib/signal.c                         0x00000000   Number         0  defsig_exit.o ABSOLUTE
    ../clib/signal.c                         0x00000000   Number         0  defsig_rtred_inner.o ABSOLUTE
    ../clib/signal.c                         0x00000000   Number         0  defsig_fpe_inner.o ABSOLUTE
    ../clib/signal.c                         0x00000000   Number         0  defsig_abrt_inner.o ABSOLUTE
    ../clib/signal.c                         0x00000000   Number         0  defsig_general.o ABSOLUTE
    ../clib/signal.c                         0x00000000   Number         0  __raise.o ABSOLUTE
    ../clib/signal.c                         0x00000000   Number         0  defsig_rtmem_inner.o ABSOLUTE
    ../clib/signal.c                         0x00000000   Number         0  defsig_rtmem_formal.o ABSOLUTE
    ../clib/signal.c                         0x00000000   Number         0  defsig_rtmem_outer.o ABSOLUTE
    ../clib/signal.c                         0x00000000   Number         0  defsig_pvfn_inner.o ABSOLUTE
    ../clib/signal.c                         0x00000000   Number         0  defsig_other.o ABSOLUTE
    ../clib/signal.s                         0x00000000   Number         0  defsig.o ABSOLUTE
    ../clib/stdio.c                          0x00000000   Number         0  ferror_locked.o ABSOLUTE
    ../clib/stdio.c                          0x00000000   Number         0  ferror.o ABSOLUTE
    ../clib/stdlib.c                         0x00000000   Number         0  rand.o ABSOLUTE
    ../clib/stdlib.c                         0x00000000   Number         0  rand.o ABSOLUTE
    ../clib/stdlib.c                         0x00000000   Number         0  exit.o ABSOLUTE
    ../fplib/dfixu.s                         0x00000000   Number         0  dfixu.o ABSOLUTE
    ../fplib/dflt.s                          0x00000000   Number         0  dflt_clz.o ABSOLUTE
    ../fplib/dmul.s                          0x00000000   Number         0  dmul.o ABSOLUTE
    ../fplib/dnaninf.s                       0x00000000   Number         0  dnaninf.o ABSOLUTE
    ../fplib/dretinf.s                       0x00000000   Number         0  dretinf.o ABSOLUTE
    ../fplib/fpinit.s                        0x00000000   Number         0  fpinit.o ABSOLUTE
    ../fplib/usenofp.s                       0x00000000   Number         0  usenofp.o ABSOLUTE
    ..\CORE\core_cm3.c                       0x00000000   Number         0  core_cm3.o ABSOLUTE
    ..\CORE\startup_stm32f10x_hd.s           0x00000000   Number         0  startup_stm32f10x_hd.o ABSOLUTE
    ..\HARDWARE\EXTI\exti.c                  0x00000000   Number         0  exti.o ABSOLUTE
    ..\HARDWARE\KEY\key.c                    0x00000000   Number         0  key.o ABSOLUTE
    ..\HARDWARE\LCD\lcd.c                    0x00000000   Number         0  lcd.o ABSOLUTE
    ..\HARDWARE\LED\led.c                    0x00000000   Number         0  led.o ABSOLUTE
    ..\HARDWARE\RTC\rtc.c                    0x00000000   Number         0  rtc.o ABSOLUTE
    ..\HARDWARE\TIMER\timer.c                0x00000000   Number         0  timer.o ABSOLUTE
    ..\STM32F10x_FWLib\src\misc.c            0x00000000   Number         0  misc.o ABSOLUTE
    ..\STM32F10x_FWLib\src\stm32f10x_bkp.c   0x00000000   Number         0  stm32f10x_bkp.o ABSOLUTE
    ..\STM32F10x_FWLib\src\stm32f10x_exti.c  0x00000000   Number         0  stm32f10x_exti.o ABSOLUTE
    ..\STM32F10x_FWLib\src\stm32f10x_gpio.c  0x00000000   Number         0  stm32f10x_gpio.o ABSOLUTE
    ..\STM32F10x_FWLib\src\stm32f10x_pwr.c   0x00000000   Number         0  stm32f10x_pwr.o ABSOLUTE
    ..\STM32F10x_FWLib\src\stm32f10x_rcc.c   0x00000000   Number         0  stm32f10x_rcc.o ABSOLUTE
    ..\STM32F10x_FWLib\src\stm32f10x_rtc.c   0x00000000   Number         0  stm32f10x_rtc.o ABSOLUTE
    ..\STM32F10x_FWLib\src\stm32f10x_tim.c   0x00000000   Number         0  stm32f10x_tim.o ABSOLUTE
    ..\STM32F10x_FWLib\src\stm32f10x_usart.c 0x00000000   Number         0  stm32f10x_usart.o ABSOLUTE
    ..\SYSTEM\delay\delay.c                  0x00000000   Number         0  delay.o ABSOLUTE
    ..\SYSTEM\sys\sys.c                      0x00000000   Number         0  sys.o ABSOLUTE
    ..\SYSTEM\usart\usart.c                  0x00000000   Number         0  usart.o ABSOLUTE
    ..\\CORE\\core_cm3.c                     0x00000000   Number         0  core_cm3.o ABSOLUTE
    ..\\SYSTEM\\sys\\sys.c                   0x00000000   Number         0  sys.o ABSOLUTE
    dc.s                                     0x00000000   Number         0  dc.o ABSOLUTE
    main.c                                   0x00000000   Number         0  main.o ABSOLUTE
    snake.c                                  0x00000000   Number         0  snake.o ABSOLUTE
    stm32f10x_it.c                           0x00000000   Number         0  stm32f10x_it.o ABSOLUTE
    system_stm32f10x.c                       0x00000000   Number         0  system_stm32f10x.o ABSOLUTE
    RESET                                    0x08000000   Section      304  startup_stm32f10x_hd.o(RESET)
    !!!main                                  0x08000130   Section        8  __main.o(!!!main)
    !!!scatter                               0x08000138   Section       52  __scatter.o(!!!scatter)
    !!handler_copy                           0x0800016c   Section       26  __scatter_copy.o(!!handler_copy)
    !!handler_zi                             0x08000188   Section       28  __scatter_zi.o(!!handler_zi)
    .ARM.Collect$$_printf_percent$$00000000  0x080001a4   Section        0  _printf_percent.o(.ARM.Collect$$_printf_percent$$00000000)
    .ARM.Collect$$_printf_percent$$0000000C  0x080001a4   Section        6  _printf_x.o(.ARM.Collect$$_printf_percent$$0000000C)
    .ARM.Collect$$_printf_percent$$00000017  0x080001aa   Section        4  _printf_percent_end.o(.ARM.Collect$$_printf_percent$$00000017)
    .ARM.Collect$$libinit$$00000000          0x080001ae   Section        2  libinit.o(.ARM.Collect$$libinit$$00000000)
    .ARM.Collect$$libinit$$00000002          0x080001b0   Section        0  libinit2.o(.ARM.Collect$$libinit$$00000002)
    .ARM.Collect$$libinit$$00000004          0x080001b0   Section        0  libinit2.o(.ARM.Collect$$libinit$$00000004)
    .ARM.Collect$$libinit$$0000000A          0x080001b0   Section        0  libinit2.o(.ARM.Collect$$libinit$$0000000A)
    .ARM.Collect$$libinit$$0000000C          0x080001b0   Section        0  libinit2.o(.ARM.Collect$$libinit$$0000000C)
    .ARM.Collect$$libinit$$0000000D          0x080001b0   Section        4  libinit2.o(.ARM.Collect$$libinit$$0000000D)
    .ARM.Collect$$libinit$$0000000E          0x080001b4   Section        0  libinit2.o(.ARM.Collect$$libinit$$0000000E)
    .ARM.Collect$$libinit$$00000011          0x080001b4   Section        0  libinit2.o(.ARM.Collect$$libinit$$00000011)
    .ARM.Collect$$libinit$$00000013          0x080001b4   Section        0  libinit2.o(.ARM.Collect$$libinit$$00000013)
    .ARM.Collect$$libinit$$00000015          0x080001b4   Section        0  libinit2.o(.ARM.Collect$$libinit$$00000015)
    .ARM.Collect$$libinit$$00000017          0x080001b4   Section        0  libinit2.o(.ARM.Collect$$libinit$$00000017)
    .ARM.Collect$$libinit$$00000019          0x080001b4   Section        0  libinit2.o(.ARM.Collect$$libinit$$00000019)
    .ARM.Collect$$libinit$$0000001B          0x080001b4   Section        0  libinit2.o(.ARM.Collect$$libinit$$0000001B)
    .ARM.Collect$$libinit$$0000001D          0x080001b4   Section        0  libinit2.o(.ARM.Collect$$libinit$$0000001D)
    .ARM.Collect$$libinit$$0000001F          0x080001b4   Section        0  libinit2.o(.ARM.Collect$$libinit$$0000001F)
    .ARM.Collect$$libinit$$00000021          0x080001b4   Section        0  libinit2.o(.ARM.Collect$$libinit$$00000021)
    .ARM.Collect$$libinit$$00000023          0x080001b4   Section        0  libinit2.o(.ARM.Collect$$libinit$$00000023)
    .ARM.Collect$$libinit$$00000025          0x080001b4   Section        0  libinit2.o(.ARM.Collect$$libinit$$00000025)
    .ARM.Collect$$libinit$$0000002C          0x080001b4   Section        0  libinit2.o(.ARM.Collect$$libinit$$0000002C)
    .ARM.Collect$$libinit$$0000002E          0x080001b4   Section        0  libinit2.o(.ARM.Collect$$libinit$$0000002E)
    .ARM.Collect$$libinit$$00000030          0x080001b4   Section        0  libinit2.o(.ARM.Collect$$libinit$$00000030)
    .ARM.Collect$$libinit$$00000032          0x080001b4   Section        0  libinit2.o(.ARM.Collect$$libinit$$00000032)
    .ARM.Collect$$libinit$$00000033          0x080001b4   Section        2  libinit2.o(.ARM.Collect$$libinit$$00000033)
    .ARM.Collect$$libshutdown$$00000000      0x080001b6   Section        2  libshutdown.o(.ARM.Collect$$libshutdown$$00000000)
    .ARM.Collect$$libshutdown$$00000003      0x080001b8   Section        0  libshutdown2.o(.ARM.Collect$$libshutdown$$00000003)
    .ARM.Collect$$libshutdown$$00000006      0x080001b8   Section        0  libshutdown2.o(.ARM.Collect$$libshutdown$$00000006)
    .ARM.Collect$$libshutdown$$00000009      0x080001b8   Section        0  libshutdown2.o(.ARM.Collect$$libshutdown$$00000009)
    .ARM.Collect$$libshutdown$$0000000B      0x080001b8   Section        0  libshutdown2.o(.ARM.Collect$$libshutdown$$0000000B)
    .ARM.Collect$$libshutdown$$0000000E      0x080001b8   Section        0  libshutdown2.o(.ARM.Collect$$libshutdown$$0000000E)
    .ARM.Collect$$libshutdown$$0000000F      0x080001b8   Section        2  libshutdown2.o(.ARM.Collect$$libshutdown$$0000000F)
    .ARM.Collect$$rtentry$$00000000          0x080001ba   Section        0  __rtentry.o(.ARM.Collect$$rtentry$$00000000)
    .ARM.Collect$$rtentry$$00000002          0x080001ba   Section        0  __rtentry2.o(.ARM.Collect$$rtentry$$00000002)
    .ARM.Collect$$rtentry$$00000004          0x080001ba   Section        6  __rtentry4.o(.ARM.Collect$$rtentry$$00000004)
    .ARM.Collect$$rtentry$$00000009          0x080001c0   Section        0  __rtentry2.o(.ARM.Collect$$rtentry$$00000009)
    .ARM.Collect$$rtentry$$0000000A          0x080001c0   Section        4  __rtentry2.o(.ARM.Collect$$rtentry$$0000000A)
    .ARM.Collect$$rtentry$$0000000C          0x080001c4   Section        0  __rtentry2.o(.ARM.Collect$$rtentry$$0000000C)
    .ARM.Collect$$rtentry$$0000000D          0x080001c4   Section        8  __rtentry2.o(.ARM.Collect$$rtentry$$0000000D)
    .ARM.Collect$$rtexit$$00000000           0x080001cc   Section        2  rtexit.o(.ARM.Collect$$rtexit$$00000000)
    .ARM.Collect$$rtexit$$00000002           0x080001ce   Section        0  rtexit2.o(.ARM.Collect$$rtexit$$00000002)
    .ARM.Collect$$rtexit$$00000003           0x080001ce   Section        4  rtexit2.o(.ARM.Collect$$rtexit$$00000003)
    .ARM.Collect$$rtexit$$00000004           0x080001d2   Section        6  rtexit2.o(.ARM.Collect$$rtexit$$00000004)
    .emb_text                                0x080001d8   Section       52  rand.o(.emb_text)
    .text                                    0x0800020c   Section        0  main.o(.text)
    .text                                    0x08000254   Section        0  stm32f10x_it.o(.text)
    .text                                    0x08000270   Section        0  system_stm32f10x.o(.text)
    SetSysClockTo72                          0x08000271   Thumb Code   214  system_stm32f10x.o(.text)
    SetSysClock                              0x08000347   Thumb Code     8  system_stm32f10x.o(.text)
    .text                                    0x08000450   Section        0  lcd.o(.text)
    .text                                    0x080043e0   Section        0  key.o(.text)
    .text                                    0x080044dc   Section        0  timer.o(.text)
    .text                                    0x08004550   Section        0  exti.o(.text)
    .text                                    0x08004710   Section        0  snake.o(.text)
    .text                                    0x08004c24   Section        0  rtc.o(.text)
    RTC_NVIC_Config                          0x08004c25   Thumb Code    32  rtc.o(.text)
    .text                                    0x08004fa0   Section        0  delay.o(.text)
    .text                                    0x08005074   Section        0  usart.o(.text)
    .text                                    0x080051b4   Section       64  startup_stm32f10x_hd.o(.text)
    .text                                    0x080051f4   Section        0  stm32f10x_gpio.o(.text)
    .text                                    0x08005550   Section        0  stm32f10x_rcc.o(.text)
    .text                                    0x080058f4   Section        0  stm32f10x_usart.o(.text)
    .text                                    0x08005cfc   Section        0  misc.o(.text)
    .text                                    0x08005dd8   Section        0  stm32f10x_exti.o(.text)
    .text                                    0x08005ef4   Section        0  stm32f10x_tim.o(.text)
    TI4_Config                               0x0800639b   Thumb Code   130  stm32f10x_tim.o(.text)
    TI3_Config                               0x0800642f   Thumb Code   122  stm32f10x_tim.o(.text)
    TI2_Config                               0x080064c3   Thumb Code   130  stm32f10x_tim.o(.text)
    TI1_Config                               0x08006557   Thumb Code   108  stm32f10x_tim.o(.text)
    .text                                    0x08006d10   Section        0  stm32f10x_rtc.o(.text)
    .text                                    0x08006e58   Section        0  stm32f10x_bkp.o(.text)
    .text                                    0x08006f1c   Section        0  stm32f10x_pwr.o(.text)
    .text                                    0x08006fe8   Section        2  use_no_semi_2.o(.text)
    .text                                    0x08006fec   Section        0  noretval__2printf.o(.text)
    .text                                    0x08007004   Section        0  __printf.o(.text)
    .text                                    0x0800706c   Section        0  _printf_hex_int.o(.text)
    .text                                    0x080070c4   Section        0  rand.o(.text)
    .text                                    0x08007100   Section        0  heapauxi.o(.text)
    .text                                    0x08007106   Section        2  use_no_semi.o(.text)
    .text                                    0x08007108   Section        0  _printf_intcommon.o(.text)
    .text                                    0x080071bc   Section        0  _printf_char_file.o(.text)
    .text                                    0x080071e0   Section        0  _printf_char_common.o(.text)
    _printf_input_char                       0x080071e1   Thumb Code    10  _printf_char_common.o(.text)
    .text                                    0x08007210   Section        0  ferror.o(.text)
    .text                                    0x08007218   Section       74  sys_stackheap_outer.o(.text)
    .text                                    0x08007262   Section        0  exit.o(.text)
    .text                                    0x08007270   Section        8  libspace.o(.text)
    x$fpl$dfixu                              0x08007278   Section       90  dfixu.o(x$fpl$dfixu)
    x$fpl$dfltu                              0x080072d2   Section       38  dflt_clz.o(x$fpl$dfltu)
    x$fpl$dmul                               0x080072f8   Section      340  dmul.o(x$fpl$dmul)
    x$fpl$dnaninf                            0x0800744c   Section      156  dnaninf.o(x$fpl$dnaninf)
    x$fpl$dretinf                            0x080074e8   Section       12  dretinf.o(x$fpl$dretinf)
    .constdata                               0x080074f4   Section     6080  lcd.o(.constdata)
    x$fpl$usenofp                            0x080074f4   Section        0  usenofp.o(x$fpl$usenofp)
    .constdata                               0x08008cb4   Section       24  rtc.o(.constdata)
    .constdata                               0x08008ccc   Section       40  _printf_hex_int.o(.constdata)
    uc_hextab                                0x08008ccc   Data          20  _printf_hex_int.o(.constdata)
    lc_hextab                                0x08008ce0   Data          20  _printf_hex_int.o(.constdata)
    .data                                    0x20000000   Section       20  system_stm32f10x.o(.data)
    .data                                    0x20000014   Section        4  lcd.o(.data)
    .data                                    0x20000018   Section        1  key.o(.data)
    key_up                                   0x20000018   Data           1  key.o(.data)
    .data                                    0x20000019   Section        1  exti.o(.data)
    .data                                    0x2000001a   Section        7  snake.o(.data)
    .data                                    0x20000022   Section        2  rtc.o(.data)
    daycnt                                   0x20000022   Data           2  rtc.o(.data)
    .data                                    0x20000024   Section        4  delay.o(.data)
    fac_us                                   0x20000024   Data           1  delay.o(.data)
    fac_ms                                   0x20000026   Data           2  delay.o(.data)
    .data                                    0x20000028   Section        6  usart.o(.data)
    .data                                    0x2000002e   Section       20  stm32f10x_rcc.o(.data)
    APBAHBPrescTable                         0x2000002e   Data          16  stm32f10x_rcc.o(.data)
    ADCPrescTable                            0x2000003e   Data           4  stm32f10x_rcc.o(.data)
    .bss                                     0x20000044   Section       14  lcd.o(.bss)
    .bss                                     0x20000052   Section      203  snake.o(.bss)
    .bss                                     0x2000011e   Section       10  rtc.o(.bss)
    .bss                                     0x20000128   Section      200  usart.o(.bss)
    .bss                                     0x200001f0   Section      228  rand.o(.bss)
    .bss                                     0x200002d4   Section       96  libspace.o(.bss)
    HEAP                                     0x20000338   Section      512  startup_stm32f10x_hd.o(HEAP)
    Heap_Mem                                 0x20000338   Data         512  startup_stm32f10x_hd.o(HEAP)
    STACK                                    0x20000538   Section     1024  startup_stm32f10x_hd.o(STACK)
    Stack_Mem                                0x20000538   Data        1024  startup_stm32f10x_hd.o(STACK)
    __initial_sp                             0x20000938   Data           0  startup_stm32f10x_hd.o(STACK)

    Global Symbols

    Symbol Name                              Value     Ov Type        Size  Object(Section)

    BuildAttributes$$THM_ISAv4$P$D$K$B$S$PE$A:L22UL41UL21$X:L11$S22US41US21$IEEE1$IW$USESV6$~STKCKD$USESV7$~SHL$OSPACE$ROPI$EBA8$UX$STANDARDLIB$REQ8$PRES8$EABIv2 0x00000000   Number         0  anon$$obj.o ABSOLUTE
    __ARM_use_no_argv                        0x00000000   Number         0  main.o ABSOLUTE
    __ARM_exceptions_init                     - Undefined Weak Reference
    __alloca_initialize                       - Undefined Weak Reference
    __arm_preinit_                            - Undefined Weak Reference
    __cpp_initialize__aeabi_                  - Undefined Weak Reference
    __cxa_finalize                            - Undefined Weak Reference
    __rt_locale                               - Undefined Weak Reference
    __sigvec_lookup                           - Undefined Weak Reference
    _atexit_init                              - Undefined Weak Reference
    _call_atexit_fns                          - Undefined Weak Reference
    _clock_init                               - Undefined Weak Reference
    _fp_trap_init                             - Undefined Weak Reference
    _fp_trap_shutdown                         - Undefined Weak Reference
    _get_lc_collate                           - Undefined Weak Reference
    _get_lc_ctype                             - Undefined Weak Reference
    _get_lc_monetary                          - Undefined Weak Reference
    _get_lc_numeric                           - Undefined Weak Reference
    _get_lc_time                              - Undefined Weak Reference
    _getenv_init                              - Undefined Weak Reference
    _handle_redirection                       - Undefined Weak Reference
    _init_alloc                               - Undefined Weak Reference
    _init_user_alloc                          - Undefined Weak Reference
    _initio                                   - Undefined Weak Reference
    _mutex_acquire                            - Undefined Weak Reference
    _mutex_release                            - Undefined Weak Reference
    _printf_post_padding                      - Undefined Weak Reference
    _printf_pre_padding                       - Undefined Weak Reference
    _printf_truncate_unsigned                 - Undefined Weak Reference
    _signal_finish                            - Undefined Weak Reference
    _signal_init                              - Undefined Weak Reference
    _terminate_alloc                          - Undefined Weak Reference
    _terminate_user_alloc                     - Undefined Weak Reference
    _terminateio                              - Undefined Weak Reference
    __Vectors_Size                           0x00000130   Number         0  startup_stm32f10x_hd.o ABSOLUTE
    __Vectors                                0x08000000   Data           4  startup_stm32f10x_hd.o(RESET)
    __Vectors_End                            0x08000130   Data           0  startup_stm32f10x_hd.o(RESET)
    __main                                   0x08000131   Thumb Code     8  __main.o(!!!main)
    __scatterload                            0x08000139   Thumb Code     0  __scatter.o(!!!scatter)
    __scatterload_rt2                        0x08000139   Thumb Code    44  __scatter.o(!!!scatter)
    __scatterload_rt2_thumb_only             0x08000139   Thumb Code     0  __scatter.o(!!!scatter)
    __scatterload_null                       0x08000147   Thumb Code     0  __scatter.o(!!!scatter)
    __scatterload_copy                       0x0800016d   Thumb Code    26  __scatter_copy.o(!!handler_copy)
    __scatterload_zeroinit                   0x08000189   Thumb Code    28  __scatter_zi.o(!!handler_zi)
    _printf_percent                          0x080001a5   Thumb Code     0  _printf_percent.o(.ARM.Collect$$_printf_percent$$00000000)
    _printf_x                                0x080001a5   Thumb Code     0  _printf_x.o(.ARM.Collect$$_printf_percent$$0000000C)
    _printf_percent_end                      0x080001ab   Thumb Code     0  _printf_percent_end.o(.ARM.Collect$$_printf_percent$$00000017)
    __rt_lib_init                            0x080001af   Thumb Code     0  libinit.o(.ARM.Collect$$libinit$$00000000)
    __rt_lib_init_fp_1                       0x080001b1   Thumb Code     0  libinit2.o(.ARM.Collect$$libinit$$00000002)
    __rt_lib_init_heap_1                     0x080001b1   Thumb Code     0  libinit2.o(.ARM.Collect$$libinit$$0000000A)
    __rt_lib_init_preinit_1                  0x080001b1   Thumb Code     0  libinit2.o(.ARM.Collect$$libinit$$00000004)
    __rt_lib_init_rand_2                     0x080001b1   Thumb Code     0  libinit2.o(.ARM.Collect$$libinit$$0000000D)
    __rt_lib_init_user_alloc_1               0x080001b1   Thumb Code     0  libinit2.o(.ARM.Collect$$libinit$$0000000C)
    __rt_lib_init_alloca_1                   0x080001b5   Thumb Code     0  libinit2.o(.ARM.Collect$$libinit$$0000002E)
    __rt_lib_init_argv_1                     0x080001b5   Thumb Code     0  libinit2.o(.ARM.Collect$$libinit$$0000002C)
    __rt_lib_init_atexit_1                   0x080001b5   Thumb Code     0  libinit2.o(.ARM.Collect$$libinit$$0000001B)
    __rt_lib_init_clock_1                    0x080001b5   Thumb Code     0  libinit2.o(.ARM.Collect$$libinit$$00000021)
    __rt_lib_init_cpp_1                      0x080001b5   Thumb Code     0  libinit2.o(.ARM.Collect$$libinit$$00000032)
    __rt_lib_init_exceptions_1               0x080001b5   Thumb Code     0  libinit2.o(.ARM.Collect$$libinit$$00000030)
    __rt_lib_init_fp_trap_1                  0x080001b5   Thumb Code     0  libinit2.o(.ARM.Collect$$libinit$$0000001F)
    __rt_lib_init_getenv_1                   0x080001b5   Thumb Code     0  libinit2.o(.ARM.Collect$$libinit$$00000023)
    __rt_lib_init_lc_collate_1               0x080001b5   Thumb Code     0  libinit2.o(.ARM.Collect$$libinit$$00000011)
    __rt_lib_init_lc_ctype_1                 0x080001b5   Thumb Code     0  libinit2.o(.ARM.Collect$$libinit$$00000013)
    __rt_lib_init_lc_monetary_1              0x080001b5   Thumb Code     0  libinit2.o(.ARM.Collect$$libinit$$00000015)
    __rt_lib_init_lc_numeric_1               0x080001b5   Thumb Code     0  libinit2.o(.ARM.Collect$$libinit$$00000017)
    __rt_lib_init_lc_time_1                  0x080001b5   Thumb Code     0  libinit2.o(.ARM.Collect$$libinit$$00000019)
    __rt_lib_init_rand_1                     0x080001b5   Thumb Code     0  libinit2.o(.ARM.Collect$$libinit$$0000000E)
    __rt_lib_init_return                     0x080001b5   Thumb Code     0  libinit2.o(.ARM.Collect$$libinit$$00000033)
    __rt_lib_init_signal_1                   0x080001b5   Thumb Code     0  libinit2.o(.ARM.Collect$$libinit$$0000001D)
    __rt_lib_init_stdio_1                    0x080001b5   Thumb Code     0  libinit2.o(.ARM.Collect$$libinit$$00000025)
    __rt_lib_shutdown                        0x080001b7   Thumb Code     0  libshutdown.o(.ARM.Collect$$libshutdown$$00000000)
    __rt_lib_shutdown_fp_trap_1              0x080001b9   Thumb Code     0  libshutdown2.o(.ARM.Collect$$libshutdown$$00000006)
    __rt_lib_shutdown_heap_1                 0x080001b9   Thumb Code     0  libshutdown2.o(.ARM.Collect$$libshutdown$$0000000E)
    __rt_lib_shutdown_return                 0x080001b9   Thumb Code     0  libshutdown2.o(.ARM.Collect$$libshutdown$$0000000F)
    __rt_lib_shutdown_signal_1               0x080001b9   Thumb Code     0  libshutdown2.o(.ARM.Collect$$libshutdown$$00000009)
    __rt_lib_shutdown_stdio_1                0x080001b9   Thumb Code     0  libshutdown2.o(.ARM.Collect$$libshutdown$$00000003)
    __rt_lib_shutdown_user_alloc_1           0x080001b9   Thumb Code     0  libshutdown2.o(.ARM.Collect$$libshutdown$$0000000B)
    __rt_entry                               0x080001bb   Thumb Code     0  __rtentry.o(.ARM.Collect$$rtentry$$00000000)
    __rt_entry_presh_1                       0x080001bb   Thumb Code     0  __rtentry2.o(.ARM.Collect$$rtentry$$00000002)
    __rt_entry_sh                            0x080001bb   Thumb Code     0  __rtentry4.o(.ARM.Collect$$rtentry$$00000004)
    __rt_entry_li                            0x080001c1   Thumb Code     0  __rtentry2.o(.ARM.Collect$$rtentry$$0000000A)
    __rt_entry_postsh_1                      0x080001c1   Thumb Code     0  __rtentry2.o(.ARM.Collect$$rtentry$$00000009)
    __rt_entry_main                          0x080001c5   Thumb Code     0  __rtentry2.o(.ARM.Collect$$rtentry$$0000000D)
    __rt_entry_postli_1                      0x080001c5   Thumb Code     0  __rtentry2.o(.ARM.Collect$$rtentry$$0000000C)
    __rt_exit                                0x080001cd   Thumb Code     0  rtexit.o(.ARM.Collect$$rtexit$$00000000)
    __rt_exit_ls                             0x080001cf   Thumb Code     0  rtexit2.o(.ARM.Collect$$rtexit$$00000003)
    __rt_exit_prels_1                        0x080001cf   Thumb Code     0  rtexit2.o(.ARM.Collect$$rtexit$$00000002)
    __rt_exit_exit                           0x080001d3   Thumb Code     0  rtexit2.o(.ARM.Collect$$rtexit$$00000004)
    rand                                     0x080001d9   Thumb Code    48  rand.o(.emb_text)
    main                                     0x0800020d   Thumb Code    68  main.o(.text)
    NMI_Handler                              0x08000255   Thumb Code     2  stm32f10x_it.o(.text)
    HardFault_Handler                        0x08000257   Thumb Code     4  stm32f10x_it.o(.text)
    MemManage_Handler                        0x0800025b   Thumb Code     4  stm32f10x_it.o(.text)
    BusFault_Handler                         0x0800025f   Thumb Code     4  stm32f10x_it.o(.text)
    UsageFault_Handler                       0x08000263   Thumb Code     4  stm32f10x_it.o(.text)
    SVC_Handler                              0x08000267   Thumb Code     2  stm32f10x_it.o(.text)
    DebugMon_Handler                         0x08000269   Thumb Code     2  stm32f10x_it.o(.text)
    PendSV_Handler                           0x0800026b   Thumb Code     2  stm32f10x_it.o(.text)
    SysTick_Handler                          0x0800026d   Thumb Code     2  stm32f10x_it.o(.text)
    SystemInit                               0x0800034f   Thumb Code    78  system_stm32f10x.o(.text)
    SystemCoreClockUpdate                    0x0800039d   Thumb Code   142  system_stm32f10x.o(.text)
    LCD_WR_REG                               0x08000451   Thumb Code    28  lcd.o(.text)
    LCD_WR_DATAX                             0x0800046d   Thumb Code    28  lcd.o(.text)
    opt_delay                                0x08000489   Thumb Code    14  lcd.o(.text)
    LCD_RD_DATA                              0x08000497   Thumb Code    86  lcd.o(.text)
    LCD_WriteReg                             0x080004ed   Thumb Code    40  lcd.o(.text)
    LCD_ReadReg                              0x08000515   Thumb Code    16  lcd.o(.text)
    LCD_WriteRAM_Prepare                     0x08000525   Thumb Code    12  lcd.o(.text)
    LCD_WriteRAM                             0x08000531   Thumb Code    28  lcd.o(.text)
    LCD_BGR2RGB                              0x0800054d   Thumb Code    26  lcd.o(.text)
    LCD_SetCursor                            0x08000567   Thumb Code   734  lcd.o(.text)
    LCD_ReadPoint                            0x08000845   Thumb Code   126  lcd.o(.text)
    LCD_DisplayOn                            0x080008c3   Thumb Code    32  lcd.o(.text)
    LCD_DisplayOff                           0x080008e3   Thumb Code    32  lcd.o(.text)
    LCD_Scan_Dir                             0x08000903   Thumb Code   930  lcd.o(.text)
    LCD_DrawPoint                            0x08000ca5   Thumb Code    52  lcd.o(.text)
    LCD_Fast_DrawPoint                       0x08000cd9   Thumb Code   630  lcd.o(.text)
    LCD_SSD_BackLightSet                     0x08000f4f   Thumb Code   198  lcd.o(.text)
    LCD_Display_Dir                          0x08001015   Thumb Code   320  lcd.o(.text)
    LCD_Set_Window                           0x08001155   Thumb Code   910  lcd.o(.text)
    LCD_Clear                                0x080014e3   Thumb Code    64  lcd.o(.text)
    LCD_Init                                 0x08001523   Thumb Code 10586  lcd.o(.text)
    LCD_Fill                                 0x08003e7d   Thumb Code   102  lcd.o(.text)
    LCD_Color_Fill                           0x08003ee3   Thumb Code   116  lcd.o(.text)
    LCD_DrawLine                             0x08003f57   Thumb Code   176  lcd.o(.text)
    LCD_DrawRectangle                        0x08004007   Thumb Code    60  lcd.o(.text)
    LCD_Draw_Circle                          0x08004043   Thumb Code   152  lcd.o(.text)
    LCD_ShowChar                             0x080040db   Thumb Code   298  lcd.o(.text)
    LCD_Pow                                  0x08004205   Thumb Code    22  lcd.o(.text)
    LCD_ShowNum                              0x0800421b   Thumb Code   148  lcd.o(.text)
    LCD_ShowxNum                             0x080042af   Thumb Code   190  lcd.o(.text)
    LCD_ShowString                           0x0800436d   Thumb Code   102  lcd.o(.text)
    KEY_Init                                 0x080043e1   Thumb Code    82  key.o(.text)
    KEY_Scan                                 0x08004433   Thumb Code   154  key.o(.text)
    TIM3_Int_Init                            0x080044dd   Thumb Code    90  timer.o(.text)
    TIM3_IRQHandler                          0x08004537   Thumb Code    22  timer.o(.text)
    EXTIX_Init                               0x08004551   Thumb Code   212  exti.o(.text)
    EXTI0_IRQHandler                         0x08004625   Thumb Code    90  exti.o(.text)
    EXTI9_5_IRQHandler                       0x0800467f   Thumb Code    88  exti.o(.text)
    EXTI15_10_IRQHandler                     0x080046d7   Thumb Code    42  exti.o(.text)
    Game_Init                                0x08004711   Thumb Code   108  snake.o(.text)
    Snake_Dead                               0x0800477d   Thumb Code   168  snake.o(.text)
    Snake_Body_Unit                          0x08004825   Thumb Code    30  snake.o(.text)
    Snake_Food                               0x08004843   Thumb Code   320  snake.o(.text)
    Snake_Off_Unit                           0x08004983   Thumb Code    30  snake.o(.text)
    Snake_Move                               0x080049a1   Thumb Code   534  snake.o(.text)
    Sanke_Init                               0x08004bb7   Thumb Code   102  snake.o(.text)
    RTC_Get_Week                             0x08004c45   Thumb Code   116  rtc.o(.text)
    Is_Leap_Year                             0x08004cb9   Thumb Code    58  rtc.o(.text)
    RTC_Get                                  0x08004cf3   Thumb Code   240  rtc.o(.text)
    RTC_Set                                  0x08004de3   Thumb Code   188  rtc.o(.text)
    RTC_Init                                 0x08004e9f   Thumb Code   190  rtc.o(.text)
    RTC_IRQHandler                           0x08004f5d   Thumb Code    40  rtc.o(.text)
    delay_init                               0x08004fa1   Thumb Code    50  delay.o(.text)
    delay_us                                 0x08004fd3   Thumb Code    72  delay.o(.text)
    delay_ms                                 0x0800501b   Thumb Code    72  delay.o(.text)
    _sys_exit                                0x08005075   Thumb Code     4  usart.o(.text)
    fputc                                    0x08005079   Thumb Code    24  usart.o(.text)
    uart_init                                0x08005091   Thumb Code   152  usart.o(.text)
    USART1_IRQHandler                        0x08005129   Thumb Code   122  usart.o(.text)
    Reset_Handler                            0x080051b5   Thumb Code     8  startup_stm32f10x_hd.o(.text)
    ADC1_2_IRQHandler                        0x080051cf   Thumb Code     0  startup_stm32f10x_hd.o(.text)
    ADC3_IRQHandler                          0x080051cf   Thumb Code     0  startup_stm32f10x_hd.o(.text)
    CAN1_RX1_IRQHandler                      0x080051cf   Thumb Code     0  startup_stm32f10x_hd.o(.text)
    CAN1_SCE_IRQHandler                      0x080051cf   Thumb Code     0  startup_stm32f10x_hd.o(.text)
    DMA1_Channel1_IRQHandler                 0x080051cf   Thumb Code     0  startup_stm32f10x_hd.o(.text)
    DMA1_Channel2_IRQHandler                 0x080051cf   Thumb Code     0  startup_stm32f10x_hd.o(.text)
    DMA1_Channel3_IRQHandler                 0x080051cf   Thumb Code     0  startup_stm32f10x_hd.o(.text)
    DMA1_Channel4_IRQHandler                 0x080051cf   Thumb Code     0  startup_stm32f10x_hd.o(.text)
    DMA1_Channel5_IRQHandler                 0x080051cf   Thumb Code     0  startup_stm32f10x_hd.o(.text)
    DMA1_Channel6_IRQHandler                 0x080051cf   Thumb Code     0  startup_stm32f10x_hd.o(.text)
    DMA1_Channel7_IRQHandler                 0x080051cf   Thumb Code     0  startup_stm32f10x_hd.o(.text)
    DMA2_Channel1_IRQHandler                 0x080051cf   Thumb Code     0  startup_stm32f10x_hd.o(.text)
    DMA2_Channel2_IRQHandler                 0x080051cf   Thumb Code     0  startup_stm32f10x_hd.o(.text)
    DMA2_Channel3_IRQHandler                 0x080051cf   Thumb Code     0  startup_stm32f10x_hd.o(.text)
    DMA2_Channel4_5_IRQHandler               0x080051cf   Thumb Code     0  startup_stm32f10x_hd.o(.text)
    EXTI1_IRQHandler                         0x080051cf   Thumb Code     0  startup_stm32f10x_hd.o(.text)
    EXTI2_IRQHandler                         0x080051cf   Thumb Code     0  startup_stm32f10x_hd.o(.text)
    EXTI3_IRQHandler                         0x080051cf   Thumb Code     0  startup_stm32f10x_hd.o(.text)
    EXTI4_IRQHandler                         0x080051cf   Thumb Code     0  startup_stm32f10x_hd.o(.text)
    FLASH_IRQHandler                         0x080051cf   Thumb Code     0  startup_stm32f10x_hd.o(.text)
    FSMC_IRQHandler                          0x080051cf   Thumb Code     0  startup_stm32f10x_hd.o(.text)
    I2C1_ER_IRQHandler                       0x080051cf   Thumb Code     0  startup_stm32f10x_hd.o(.text)
    I2C1_EV_IRQHandler                       0x080051cf   Thumb Code     0  startup_stm32f10x_hd.o(.text)
    I2C2_ER_IRQHandler                       0x080051cf   Thumb Code     0  startup_stm32f10x_hd.o(.text)
    I2C2_EV_IRQHandler                       0x080051cf   Thumb Code     0  startup_stm32f10x_hd.o(.text)
    PVD_IRQHandler                           0x080051cf   Thumb Code     0  startup_stm32f10x_hd.o(.text)
    RCC_IRQHandler                           0x080051cf   Thumb Code     0  startup_stm32f10x_hd.o(.text)
    RTCAlarm_IRQHandler                      0x080051cf   Thumb Code     0  startup_stm32f10x_hd.o(.text)
    SDIO_IRQHandler                          0x080051cf   Thumb Code     0  startup_stm32f10x_hd.o(.text)
    SPI1_IRQHandler                          0x080051cf   Thumb Code     0  startup_stm32f10x_hd.o(.text)
    SPI2_IRQHandler                          0x080051cf   Thumb Code     0  startup_stm32f10x_hd.o(.text)
    SPI3_IRQHandler                          0x080051cf   Thumb Code     0  startup_stm32f10x_hd.o(.text)
    TAMPER_IRQHandler                        0x080051cf   Thumb Code     0  startup_stm32f10x_hd.o(.text)
    TIM1_BRK_IRQHandler                      0x080051cf   Thumb Code     0  startup_stm32f10x_hd.o(.text)
    TIM1_CC_IRQHandler                       0x080051cf   Thumb Code     0  startup_stm32f10x_hd.o(.text)
    TIM1_TRG_COM_IRQHandler                  0x080051cf   Thumb Code     0  startup_stm32f10x_hd.o(.text)
    TIM1_UP_IRQHandler                       0x080051cf   Thumb Code     0  startup_stm32f10x_hd.o(.text)
    TIM2_IRQHandler                          0x080051cf   Thumb Code     0  startup_stm32f10x_hd.o(.text)
    TIM4_IRQHandler                          0x080051cf   Thumb Code     0  startup_stm32f10x_hd.o(.text)
    TIM5_IRQHandler                          0x080051cf   Thumb Code     0  startup_stm32f10x_hd.o(.text)
    TIM6_IRQHandler                          0x080051cf   Thumb Code     0  startup_stm32f10x_hd.o(.text)
    TIM7_IRQHandler                          0x080051cf   Thumb Code     0  startup_stm32f10x_hd.o(.text)
    TIM8_BRK_IRQHandler                      0x080051cf   Thumb Code     0  startup_stm32f10x_hd.o(.text)
    TIM8_CC_IRQHandler                       0x080051cf   Thumb Code     0  startup_stm32f10x_hd.o(.text)
    TIM8_TRG_COM_IRQHandler                  0x080051cf   Thumb Code     0  startup_stm32f10x_hd.o(.text)
    TIM8_UP_IRQHandler                       0x080051cf   Thumb Code     0  startup_stm32f10x_hd.o(.text)
    UART4_IRQHandler                         0x080051cf   Thumb Code     0  startup_stm32f10x_hd.o(.text)
    UART5_IRQHandler                         0x080051cf   Thumb Code     0  startup_stm32f10x_hd.o(.text)
    USART2_IRQHandler                        0x080051cf   Thumb Code     0  startup_stm32f10x_hd.o(.text)
    USART3_IRQHandler                        0x080051cf   Thumb Code     0  startup_stm32f10x_hd.o(.text)
    USBWakeUp_IRQHandler                     0x080051cf   Thumb Code     0  startup_stm32f10x_hd.o(.text)
    USB_HP_CAN1_TX_IRQHandler                0x080051cf   Thumb Code     0  startup_stm32f10x_hd.o(.text)
    USB_LP_CAN1_RX0_IRQHandler               0x080051cf   Thumb Code     0  startup_stm32f10x_hd.o(.text)
    WWDG_IRQHandler                          0x080051cf   Thumb Code     0  startup_stm32f10x_hd.o(.text)
    __user_initial_stackheap                 0x080051d1   Thumb Code     0  startup_stm32f10x_hd.o(.text)
    GPIO_DeInit                              0x080051f5   Thumb Code   172  stm32f10x_gpio.o(.text)
    GPIO_AFIODeInit                          0x080052a1   Thumb Code    20  stm32f10x_gpio.o(.text)
    GPIO_Init                                0x080052b5   Thumb Code   278  stm32f10x_gpio.o(.text)
    GPIO_StructInit                          0x080053cb   Thumb Code    16  stm32f10x_gpio.o(.text)
    GPIO_ReadInputDataBit                    0x080053db   Thumb Code    18  stm32f10x_gpio.o(.text)
    GPIO_ReadInputData                       0x080053ed   Thumb Code     8  stm32f10x_gpio.o(.text)
    GPIO_ReadOutputDataBit                   0x080053f5   Thumb Code    18  stm32f10x_gpio.o(.text)
    GPIO_ReadOutputData                      0x08005407   Thumb Code     8  stm32f10x_gpio.o(.text)
    GPIO_SetBits                             0x0800540f   Thumb Code     4  stm32f10x_gpio.o(.text)
    GPIO_ResetBits                           0x08005413   Thumb Code     4  stm32f10x_gpio.o(.text)
    GPIO_WriteBit                            0x08005417   Thumb Code    10  stm32f10x_gpio.o(.text)
    GPIO_Write                               0x08005421   Thumb Code     4  stm32f10x_gpio.o(.text)
    GPIO_PinLockConfig                       0x08005425   Thumb Code    18  stm32f10x_gpio.o(.text)
    GPIO_EventOutputConfig                   0x08005437   Thumb Code    26  stm32f10x_gpio.o(.text)
    GPIO_EventOutputCmd                      0x08005451   Thumb Code     6  stm32f10x_gpio.o(.text)
    GPIO_PinRemapConfig                      0x08005457   Thumb Code   138  stm32f10x_gpio.o(.text)
    GPIO_EXTILineConfig                      0x080054e1   Thumb Code    66  stm32f10x_gpio.o(.text)
    GPIO_ETH_MediaInterfaceConfig            0x08005523   Thumb Code     8  stm32f10x_gpio.o(.text)
    RCC_DeInit                               0x08005551   Thumb Code    64  stm32f10x_rcc.o(.text)
    RCC_HSEConfig                            0x08005591   Thumb Code    70  stm32f10x_rcc.o(.text)
    RCC_GetFlagStatus                        0x080055d7   Thumb Code    56  stm32f10x_rcc.o(.text)
    RCC_WaitForHSEStartUp                    0x0800560f   Thumb Code    56  stm32f10x_rcc.o(.text)
    RCC_AdjustHSICalibrationValue            0x08005647   Thumb Code    20  stm32f10x_rcc.o(.text)
    RCC_HSICmd                               0x0800565b   Thumb Code     6  stm32f10x_rcc.o(.text)
    RCC_PLLConfig                            0x08005661   Thumb Code    24  stm32f10x_rcc.o(.text)
    RCC_PLLCmd                               0x08005679   Thumb Code     6  stm32f10x_rcc.o(.text)
    RCC_SYSCLKConfig                         0x0800567f   Thumb Code    18  stm32f10x_rcc.o(.text)
    RCC_GetSYSCLKSource                      0x08005691   Thumb Code    10  stm32f10x_rcc.o(.text)
    RCC_HCLKConfig                           0x0800569b   Thumb Code    18  stm32f10x_rcc.o(.text)
    RCC_PCLK1Config                          0x080056ad   Thumb Code    18  stm32f10x_rcc.o(.text)
    RCC_PCLK2Config                          0x080056bf   Thumb Code    20  stm32f10x_rcc.o(.text)
    RCC_ITConfig                             0x080056d3   Thumb Code    26  stm32f10x_rcc.o(.text)
    RCC_USBCLKConfig                         0x080056ed   Thumb Code     8  stm32f10x_rcc.o(.text)
    RCC_ADCCLKConfig                         0x080056f5   Thumb Code    18  stm32f10x_rcc.o(.text)
    RCC_LSEConfig                            0x08005707   Thumb Code    50  stm32f10x_rcc.o(.text)
    RCC_LSICmd                               0x08005739   Thumb Code     6  stm32f10x_rcc.o(.text)
    RCC_RTCCLKConfig                         0x0800573f   Thumb Code    12  stm32f10x_rcc.o(.text)
    RCC_RTCCLKCmd                            0x0800574b   Thumb Code     8  stm32f10x_rcc.o(.text)
    RCC_GetClocksFreq                        0x08005753   Thumb Code   192  stm32f10x_rcc.o(.text)
    RCC_AHBPeriphClockCmd                    0x08005813   Thumb Code    26  stm32f10x_rcc.o(.text)
    RCC_APB2PeriphClockCmd                   0x0800582d   Thumb Code    26  stm32f10x_rcc.o(.text)
    RCC_APB1PeriphClockCmd                   0x08005847   Thumb Code    26  stm32f10x_rcc.o(.text)
    RCC_APB2PeriphResetCmd                   0x08005861   Thumb Code    26  stm32f10x_rcc.o(.text)
    RCC_APB1PeriphResetCmd                   0x0800587b   Thumb Code    26  stm32f10x_rcc.o(.text)
    RCC_BackupResetCmd                       0x08005895   Thumb Code     8  stm32f10x_rcc.o(.text)
    RCC_ClockSecuritySystemCmd               0x0800589d   Thumb Code     6  stm32f10x_rcc.o(.text)
    RCC_MCOConfig                            0x080058a3   Thumb Code     6  stm32f10x_rcc.o(.text)
    RCC_ClearFlag                            0x080058a9   Thumb Code    14  stm32f10x_rcc.o(.text)
    RCC_GetITStatus                          0x080058b7   Thumb Code    20  stm32f10x_rcc.o(.text)
    RCC_ClearITPendingBit                    0x080058cb   Thumb Code     6  stm32f10x_rcc.o(.text)
    USART_DeInit                             0x080058f5   Thumb Code   134  stm32f10x_usart.o(.text)
    USART_Init                               0x0800597b   Thumb Code   210  stm32f10x_usart.o(.text)
    USART_StructInit                         0x08005a4d   Thumb Code    24  stm32f10x_usart.o(.text)
    USART_ClockInit                          0x08005a65   Thumb Code    34  stm32f10x_usart.o(.text)
    USART_ClockStructInit                    0x08005a87   Thumb Code    12  stm32f10x_usart.o(.text)
    USART_Cmd                                0x08005a93   Thumb Code    24  stm32f10x_usart.o(.text)
    USART_ITConfig                           0x08005aab   Thumb Code    74  stm32f10x_usart.o(.text)
    USART_DMACmd                             0x08005af5   Thumb Code    18  stm32f10x_usart.o(.text)
    USART_SetAddress                         0x08005b07   Thumb Code    18  stm32f10x_usart.o(.text)
    USART_WakeUpConfig                       0x08005b19   Thumb Code    18  stm32f10x_usart.o(.text)
    USART_ReceiverWakeUpCmd                  0x08005b2b   Thumb Code    24  stm32f10x_usart.o(.text)
    USART_LINBreakDetectLengthConfig         0x08005b43   Thumb Code    18  stm32f10x_usart.o(.text)
    USART_LINCmd                             0x08005b55   Thumb Code    24  stm32f10x_usart.o(.text)
    USART_SendData                           0x08005b6d   Thumb Code     8  stm32f10x_usart.o(.text)
    USART_ReceiveData                        0x08005b75   Thumb Code    10  stm32f10x_usart.o(.text)
    USART_SendBreak                          0x08005b7f   Thumb Code    10  stm32f10x_usart.o(.text)
    USART_SetGuardTime                       0x08005b89   Thumb Code    16  stm32f10x_usart.o(.text)
    USART_SetPrescaler                       0x08005b99   Thumb Code    16  stm32f10x_usart.o(.text)
    USART_SmartCardCmd                       0x08005ba9   Thumb Code    24  stm32f10x_usart.o(.text)
    USART_SmartCardNACKCmd                   0x08005bc1   Thumb Code    24  stm32f10x_usart.o(.text)
    USART_HalfDuplexCmd                      0x08005bd9   Thumb Code    24  stm32f10x_usart.o(.text)
    USART_OverSampling8Cmd                   0x08005bf1   Thumb Code    22  stm32f10x_usart.o(.text)
    USART_OneBitMethodCmd                    0x08005c07   Thumb Code    24  stm32f10x_usart.o(.text)
    USART_IrDAConfig                         0x08005c1f   Thumb Code    18  stm32f10x_usart.o(.text)
    USART_IrDACmd                            0x08005c31   Thumb Code    24  stm32f10x_usart.o(.text)
    USART_GetFlagStatus                      0x08005c49   Thumb Code    26  stm32f10x_usart.o(.text)
    USART_ClearFlag                          0x08005c63   Thumb Code    18  stm32f10x_usart.o(.text)
    USART_GetITStatus                        0x08005c75   Thumb Code    84  stm32f10x_usart.o(.text)
    USART_ClearITPendingBit                  0x08005cc9   Thumb Code    52  stm32f10x_usart.o(.text)
    NVIC_PriorityGroupConfig                 0x08005cfd   Thumb Code    10  misc.o(.text)
    NVIC_Init                                0x08005d07   Thumb Code   100  misc.o(.text)
    NVIC_SetVectorTable                      0x08005d6b   Thumb Code    14  misc.o(.text)
    NVIC_SystemLPConfig                      0x08005d79   Thumb Code    34  misc.o(.text)
    SysTick_CLKSourceConfig                  0x08005d9b   Thumb Code    40  misc.o(.text)
    EXTI_DeInit                              0x08005dd9   Thumb Code    28  stm32f10x_exti.o(.text)
    EXTI_Init                                0x08005df5   Thumb Code   142  stm32f10x_exti.o(.text)
    EXTI_StructInit                          0x08005e83   Thumb Code    16  stm32f10x_exti.o(.text)
    EXTI_GenerateSWInterrupt                 0x08005e93   Thumb Code    16  stm32f10x_exti.o(.text)
    EXTI_GetFlagStatus                       0x08005ea3   Thumb Code    22  stm32f10x_exti.o(.text)
    EXTI_ClearFlag                           0x08005eb9   Thumb Code     8  stm32f10x_exti.o(.text)
    EXTI_GetITStatus                         0x08005ec1   Thumb Code    34  stm32f10x_exti.o(.text)
    EXTI_ClearITPendingBit                   0x08005ee3   Thumb Code     8  stm32f10x_exti.o(.text)
    TIM_DeInit                               0x08005ef5   Thumb Code   424  stm32f10x_tim.o(.text)
    TIM_TimeBaseInit                         0x0800609d   Thumb Code   122  stm32f10x_tim.o(.text)
    TIM_OC1Init                              0x08006117   Thumb Code   132  stm32f10x_tim.o(.text)
    TIM_OC2Init                              0x0800619b   Thumb Code   154  stm32f10x_tim.o(.text)
    TIM_OC3Init                              0x08006235   Thumb Code   150  stm32f10x_tim.o(.text)
    TIM_OC4Init                              0x080062cb   Thumb Code   182  stm32f10x_tim.o(.text)
    TIM_SetIC4Prescaler                      0x08006381   Thumb Code    26  stm32f10x_tim.o(.text)
    TIM_SetIC3Prescaler                      0x0800641d   Thumb Code    18  stm32f10x_tim.o(.text)
    TIM_SetIC2Prescaler                      0x080064a9   Thumb Code    26  stm32f10x_tim.o(.text)
    TIM_SetIC1Prescaler                      0x08006545   Thumb Code    18  stm32f10x_tim.o(.text)
    TIM_ICInit                               0x080065c3   Thumb Code   150  stm32f10x_tim.o(.text)
    TIM_PWMIConfig                           0x08006659   Thumb Code   124  stm32f10x_tim.o(.text)
    TIM_BDTRConfig                           0x080066d5   Thumb Code    32  stm32f10x_tim.o(.text)
    TIM_TimeBaseStructInit                   0x080066f5   Thumb Code    18  stm32f10x_tim.o(.text)
    TIM_OCStructInit                         0x08006707   Thumb Code    20  stm32f10x_tim.o(.text)
    TIM_ICStructInit                         0x0800671b   Thumb Code    18  stm32f10x_tim.o(.text)
    TIM_BDTRStructInit                       0x0800672d   Thumb Code    40  stm32f10x_tim.o(.text)
    TIM_Cmd                                  0x08006755   Thumb Code    24  stm32f10x_tim.o(.text)
    TIM_CtrlPWMOutputs                       0x0800676d   Thumb Code    30  stm32f10x_tim.o(.text)
    TIM_ITConfig                             0x0800678b   Thumb Code    18  stm32f10x_tim.o(.text)
    TIM_GenerateEvent                        0x0800679d   Thumb Code     4  stm32f10x_tim.o(.text)
    TIM_DMAConfig                            0x080067a1   Thumb Code    10  stm32f10x_tim.o(.text)
    TIM_DMACmd                               0x080067ab   Thumb Code    18  stm32f10x_tim.o(.text)
    TIM_InternalClockConfig                  0x080067bd   Thumb Code    12  stm32f10x_tim.o(.text)
    TIM_SelectInputTrigger                   0x080067c9   Thumb Code    18  stm32f10x_tim.o(.text)
    TIM_ITRxExternalClockConfig              0x080067db   Thumb Code    24  stm32f10x_tim.o(.text)
    TIM_TIxExternalClockConfig               0x080067f3   Thumb Code    62  stm32f10x_tim.o(.text)
    TIM_ETRConfig                            0x08006831   Thumb Code    28  stm32f10x_tim.o(.text)
    TIM_ETRClockMode1Config                  0x0800684d   Thumb Code    54  stm32f10x_tim.o(.text)
    TIM_ETRClockMode2Config                  0x08006883   Thumb Code    32  stm32f10x_tim.o(.text)
    TIM_PrescalerConfig                      0x080068a3   Thumb Code     6  stm32f10x_tim.o(.text)
    TIM_CounterModeConfig                    0x080068a9   Thumb Code    18  stm32f10x_tim.o(.text)
    TIM_EncoderInterfaceConfig               0x080068bb   Thumb Code    66  stm32f10x_tim.o(.text)
    TIM_ForcedOC1Config                      0x080068fd   Thumb Code    18  stm32f10x_tim.o(.text)
    TIM_ForcedOC2Config                      0x0800690f   Thumb Code    26  stm32f10x_tim.o(.text)
    TIM_ForcedOC3Config                      0x08006929   Thumb Code    18  stm32f10x_tim.o(.text)
    TIM_ForcedOC4Config                      0x0800693b   Thumb Code    26  stm32f10x_tim.o(.text)
    TIM_ARRPreloadConfig                     0x08006955   Thumb Code    24  stm32f10x_tim.o(.text)
    TIM_SelectCOM                            0x0800696d   Thumb Code    24  stm32f10x_tim.o(.text)
    TIM_SelectCCDMA                          0x08006985   Thumb Code    24  stm32f10x_tim.o(.text)
    TIM_CCPreloadControl                     0x0800699d   Thumb Code    24  stm32f10x_tim.o(.text)
    TIM_OC1PreloadConfig                     0x080069b5   Thumb Code    18  stm32f10x_tim.o(.text)
    TIM_OC2PreloadConfig                     0x080069c7   Thumb Code    26  stm32f10x_tim.o(.text)
    TIM_OC3PreloadConfig                     0x080069e1   Thumb Code    18  stm32f10x_tim.o(.text)
    TIM_OC4PreloadConfig                     0x080069f3   Thumb Code    26  stm32f10x_tim.o(.text)
    TIM_OC1FastConfig                        0x08006a0d   Thumb Code    18  stm32f10x_tim.o(.text)
    TIM_OC2FastConfig                        0x08006a1f   Thumb Code    26  stm32f10x_tim.o(.text)
    TIM_OC3FastConfig                        0x08006a39   Thumb Code    18  stm32f10x_tim.o(.text)
    TIM_OC4FastConfig                        0x08006a4b   Thumb Code    26  stm32f10x_tim.o(.text)
    TIM_ClearOC1Ref                          0x08006a65   Thumb Code    18  stm32f10x_tim.o(.text)
    TIM_ClearOC2Ref                          0x08006a77   Thumb Code    24  stm32f10x_tim.o(.text)
    TIM_ClearOC3Ref                          0x08006a8f   Thumb Code    18  stm32f10x_tim.o(.text)
    TIM_ClearOC4Ref                          0x08006aa1   Thumb Code    24  stm32f10x_tim.o(.text)
    TIM_OC1PolarityConfig                    0x08006ab9   Thumb Code    18  stm32f10x_tim.o(.text)
    TIM_OC1NPolarityConfig                   0x08006acb   Thumb Code    18  stm32f10x_tim.o(.text)
    TIM_OC2PolarityConfig                    0x08006add   Thumb Code    26  stm32f10x_tim.o(.text)
    TIM_OC2NPolarityConfig                   0x08006af7   Thumb Code    26  stm32f10x_tim.o(.text)
    TIM_OC3PolarityConfig                    0x08006b11   Thumb Code    26  stm32f10x_tim.o(.text)
    TIM_OC3NPolarityConfig                   0x08006b2b   Thumb Code    26  stm32f10x_tim.o(.text)
    TIM_OC4PolarityConfig                    0x08006b45   Thumb Code    26  stm32f10x_tim.o(.text)
    TIM_CCxCmd                               0x08006b5f   Thumb Code    30  stm32f10x_tim.o(.text)
    TIM_CCxNCmd                              0x08006b7d   Thumb Code    30  stm32f10x_tim.o(.text)
    TIM_SelectOCxM                           0x08006b9b   Thumb Code    82  stm32f10x_tim.o(.text)
    TIM_UpdateDisableConfig                  0x08006bed   Thumb Code    24  stm32f10x_tim.o(.text)
    TIM_UpdateRequestConfig                  0x08006c05   Thumb Code    24  stm32f10x_tim.o(.text)
    TIM_SelectHallSensor                     0x08006c1d   Thumb Code    24  stm32f10x_tim.o(.text)
    TIM_SelectOnePulseMode                   0x08006c35   Thumb Code    18  stm32f10x_tim.o(.text)
    TIM_SelectOutputTrigger                  0x08006c47   Thumb Code    18  stm32f10x_tim.o(.text)
    TIM_SelectSlaveMode                      0x08006c59   Thumb Code    18  stm32f10x_tim.o(.text)
    TIM_SelectMasterSlaveMode                0x08006c6b   Thumb Code    18  stm32f10x_tim.o(.text)
    TIM_SetCounter                           0x08006c7d   Thumb Code     4  stm32f10x_tim.o(.text)
    TIM_SetAutoreload                        0x08006c81   Thumb Code     4  stm32f10x_tim.o(.text)
    TIM_SetCompare1                          0x08006c85   Thumb Code     4  stm32f10x_tim.o(.text)
    TIM_SetCompare2                          0x08006c89   Thumb Code     4  stm32f10x_tim.o(.text)
    TIM_SetCompare3                          0x08006c8d   Thumb Code     4  stm32f10x_tim.o(.text)
    TIM_SetCompare4                          0x08006c91   Thumb Code     6  stm32f10x_tim.o(.text)
    TIM_SetClockDivision                     0x08006c97   Thumb Code    18  stm32f10x_tim.o(.text)
    TIM_GetCapture1                          0x08006ca9   Thumb Code     6  stm32f10x_tim.o(.text)
    TIM_GetCapture2                          0x08006caf   Thumb Code     6  stm32f10x_tim.o(.text)
    TIM_GetCapture3                          0x08006cb5   Thumb Code     6  stm32f10x_tim.o(.text)
    TIM_GetCapture4                          0x08006cbb   Thumb Code     8  stm32f10x_tim.o(.text)
    TIM_GetCounter                           0x08006cc3   Thumb Code     6  stm32f10x_tim.o(.text)
    TIM_GetPrescaler                         0x08006cc9   Thumb Code     6  stm32f10x_tim.o(.text)
    TIM_GetFlagStatus                        0x08006ccf   Thumb Code    18  stm32f10x_tim.o(.text)
    TIM_ClearFlag                            0x08006ce1   Thumb Code     6  stm32f10x_tim.o(.text)
    TIM_GetITStatus                          0x08006ce7   Thumb Code    34  stm32f10x_tim.o(.text)
    TIM_ClearITPendingBit                    0x08006d09   Thumb Code     6  stm32f10x_tim.o(.text)
    RTC_ITConfig                             0x08006d11   Thumb Code    26  stm32f10x_rtc.o(.text)
    RTC_EnterConfigMode                      0x08006d2b   Thumb Code    18  stm32f10x_rtc.o(.text)
    RTC_ExitConfigMode                       0x08006d3d   Thumb Code    20  stm32f10x_rtc.o(.text)
    RTC_GetCounter                           0x08006d51   Thumb Code    18  stm32f10x_rtc.o(.text)
    RTC_SetCounter                           0x08006d63   Thumb Code    26  stm32f10x_rtc.o(.text)
    RTC_SetPrescaler                         0x08006d7d   Thumb Code    28  stm32f10x_rtc.o(.text)
    RTC_SetAlarm                             0x08006d99   Thumb Code    26  stm32f10x_rtc.o(.text)
    RTC_GetDivider                           0x08006db3   Thumb Code    22  stm32f10x_rtc.o(.text)
    RTC_WaitForLastTask                      0x08006dc9   Thumb Code    18  stm32f10x_rtc.o(.text)
    RTC_WaitForSynchro                       0x08006ddb   Thumb Code    36  stm32f10x_rtc.o(.text)
    RTC_GetFlagStatus                        0x08006dff   Thumb Code    22  stm32f10x_rtc.o(.text)
    RTC_ClearFlag                            0x08006e15   Thumb Code    16  stm32f10x_rtc.o(.text)
    RTC_GetITStatus                          0x08006e25   Thumb Code    32  stm32f10x_rtc.o(.text)
    RTC_ClearITPendingBit                    0x08006e45   Thumb Code    16  stm32f10x_rtc.o(.text)
    BKP_DeInit                               0x08006e59   Thumb Code    16  stm32f10x_bkp.o(.text)
    BKP_TamperPinLevelConfig                 0x08006e69   Thumb Code     6  stm32f10x_bkp.o(.text)
    BKP_TamperPinCmd                         0x08006e6f   Thumb Code     8  stm32f10x_bkp.o(.text)
    BKP_ITConfig                             0x08006e77   Thumb Code     8  stm32f10x_bkp.o(.text)
    BKP_RTCOutputConfig                      0x08006e7f   Thumb Code    22  stm32f10x_bkp.o(.text)
    BKP_SetRTCCalibrationValue               0x08006e95   Thumb Code    22  stm32f10x_bkp.o(.text)
    BKP_WriteBackupRegister                  0x08006eab   Thumb Code    24  stm32f10x_bkp.o(.text)
    BKP_ReadBackupRegister                   0x08006ec3   Thumb Code    26  stm32f10x_bkp.o(.text)
    BKP_GetFlagStatus                        0x08006edd   Thumb Code    10  stm32f10x_bkp.o(.text)
    BKP_ClearFlag                            0x08006ee7   Thumb Code    18  stm32f10x_bkp.o(.text)
    BKP_GetITStatus                          0x08006ef9   Thumb Code    10  stm32f10x_bkp.o(.text)
    BKP_ClearITPendingBit                    0x08006f03   Thumb Code    18  stm32f10x_bkp.o(.text)
    PWR_DeInit                               0x08006f1d   Thumb Code    22  stm32f10x_pwr.o(.text)
    PWR_BackupAccessCmd                      0x08006f33   Thumb Code     6  stm32f10x_pwr.o(.text)
    PWR_PVDCmd                               0x08006f39   Thumb Code     6  stm32f10x_pwr.o(.text)
    PWR_PVDLevelConfig                       0x08006f3f   Thumb Code    18  stm32f10x_pwr.o(.text)
    PWR_WakeUpPinCmd                         0x08006f51   Thumb Code     8  stm32f10x_pwr.o(.text)
    PWR_EnterSTOPMode                        0x08006f59   Thumb Code    54  stm32f10x_pwr.o(.text)
    PWR_EnterSTANDBYMode                     0x08006f8f   Thumb Code    42  stm32f10x_pwr.o(.text)
    PWR_GetFlagStatus                        0x08006fb9   Thumb Code    20  stm32f10x_pwr.o(.text)
    PWR_ClearFlag                            0x08006fcd   Thumb Code    14  stm32f10x_pwr.o(.text)
    __use_no_semihosting                     0x08006fe9   Thumb Code     2  use_no_semi_2.o(.text)
    __2printf                                0x08006fed   Thumb Code    20  noretval__2printf.o(.text)
    __printf                                 0x08007005   Thumb Code   104  __printf.o(.text)
    _printf_int_hex                          0x0800706d   Thumb Code    84  _printf_hex_int.o(.text)
    _printf_longlong_hex                     0x0800706d   Thumb Code     0  _printf_hex_int.o(.text)
    srand                                    0x080070c5   Thumb Code    42  rand.o(.text)
    _rand_init                               0x080070ef   Thumb Code     4  rand.o(.text)
    __use_two_region_memory                  0x08007101   Thumb Code     2  heapauxi.o(.text)
    __rt_heap_escrow$2region                 0x08007103   Thumb Code     2  heapauxi.o(.text)
    __rt_heap_expand$2region                 0x08007105   Thumb Code     2  heapauxi.o(.text)
    __I$use$semihosting                      0x08007107   Thumb Code     0  use_no_semi.o(.text)
    __use_no_semihosting_swi                 0x08007107   Thumb Code     2  use_no_semi.o(.text)
    _printf_int_common                       0x08007109   Thumb Code   178  _printf_intcommon.o(.text)
    _printf_char_file                        0x080071bd   Thumb Code    32  _printf_char_file.o(.text)
    _printf_char_common                      0x080071eb   Thumb Code    32  _printf_char_common.o(.text)
    ferror                                   0x08007211   Thumb Code     8  ferror.o(.text)
    __user_setup_stackheap                   0x08007219   Thumb Code    74  sys_stackheap_outer.o(.text)
    exit                                     0x08007263   Thumb Code    12  exit.o(.text)
    __user_libspace                          0x08007271   Thumb Code     8  libspace.o(.text)
    __user_perproc_libspace                  0x08007271   Thumb Code     0  libspace.o(.text)
    __user_perthread_libspace                0x08007271   Thumb Code     0  libspace.o(.text)
    __aeabi_d2uiz                            0x08007279   Thumb Code     0  dfixu.o(x$fpl$dfixu)
    _dfixu                                   0x08007279   Thumb Code    90  dfixu.o(x$fpl$dfixu)
    __aeabi_ui2d                             0x080072d3   Thumb Code     0  dflt_clz.o(x$fpl$dfltu)
    _dfltu                                   0x080072d3   Thumb Code    38  dflt_clz.o(x$fpl$dfltu)
    __aeabi_dmul                             0x080072f9   Thumb Code     0  dmul.o(x$fpl$dmul)
    _dmul                                    0x080072f9   Thumb Code   332  dmul.o(x$fpl$dmul)
    __fpl_dnaninf                            0x0800744d   Thumb Code   156  dnaninf.o(x$fpl$dnaninf)
    __fpl_dretinf                            0x080074e9   Thumb Code    12  dretinf.o(x$fpl$dretinf)
    __I$use$fp                               0x080074f4   Number         0  usenofp.o(x$fpl$usenofp)
    asc2_1206                                0x080074f4   Data        1140  lcd.o(.constdata)
    asc2_1608                                0x08007968   Data        1520  lcd.o(.constdata)
    asc2_2412                                0x08007f58   Data        3420  lcd.o(.constdata)
    table_week                               0x08008cb4   Data          12  rtc.o(.constdata)
    mon_table                                0x08008cc0   Data          12  rtc.o(.constdata)
    Region$$Table$$Base                      0x08008cf4   Number         0  anon$$obj.o(Region$$Table)
    Region$$Table$$Limit                     0x08008d14   Number         0  anon$$obj.o(Region$$Table)
    SystemCoreClock                          0x20000000   Data           4  system_stm32f10x.o(.data)
    AHBPrescTable                            0x20000004   Data          16  system_stm32f10x.o(.data)
    POINT_COLOR                              0x20000014   Data           2  lcd.o(.data)
    BACK_COLOR                               0x20000016   Data           2  lcd.o(.data)
    dir                                      0x20000019   Data           1  exti.o(.data)
    food                                     0x2000001a   Data           6  snake.o(.data)
    flag                                     0x20000020   Data           1  snake.o(.data)
    __stdout                                 0x20000028   Data           4  usart.o(.data)
    USART_RX_STA                             0x2000002c   Data           2  usart.o(.data)
    lcddev                                   0x20000044   Data          14  lcd.o(.bss)
    snake                                    0x20000052   Data         203  snake.o(.bss)
    calendar                                 0x2000011e   Data          10  rtc.o(.bss)
    USART_RX_BUF                             0x20000128   Data         200  usart.o(.bss)
    _random_number_data                      0x200001f0   Data         228  rand.o(.bss)
    __libspace_start                         0x200002d4   Data          96  libspace.o(.bss)
    __temporary_stack_top$libspace           0x20000334   Data           0  libspace.o(.bss)



==============================================================================

Memory Map of the image

  Image Entry point : 0x08000131

  Load Region LR_IROM1 (Base: 0x08000000, Size: 0x00008d58, Max: 0x00040000, ABSOLUTE)

    Execution Region ER_IROM1 (Base: 0x08000000, Size: 0x00008d14, Max: 0x00040000, ABSOLUTE)

    Base Addr    Size         Type   Attr      Idx    E Section Name        Object

    0x08000000   0x00000130   Data   RO          396    RESET               startup_stm32f10x_hd.o
    0x08000130   0x00000008   Code   RO          571  * !!!main             c_w.l(__main.o)
    0x08000138   0x00000034   Code   RO          755    !!!scatter          c_w.l(__scatter.o)
    0x0800016c   0x0000001a   Code   RO          757    !!handler_copy      c_w.l(__scatter_copy.o)
    0x08000186   0x00000002   PAD
    0x08000188   0x0000001c   Code   RO          759    !!handler_zi        c_w.l(__scatter_zi.o)
    0x080001a4   0x00000000   Code   RO          563    .ARM.Collect$$_printf_percent$$00000000  c_w.l(_printf_percent.o)
    0x080001a4   0x00000006   Code   RO          562    .ARM.Collect$$_printf_percent$$0000000C  c_w.l(_printf_x.o)
    0x080001aa   0x00000004   Code   RO          592    .ARM.Collect$$_printf_percent$$00000017  c_w.l(_printf_percent_end.o)
    0x080001ae   0x00000002   Code   RO          683    .ARM.Collect$$libinit$$00000000  c_w.l(libinit.o)
    0x080001b0   0x00000000   Code   RO          594    .ARM.Collect$$libinit$$00000002  c_w.l(libinit2.o)
    0x080001b0   0x00000000   Code   RO          596    .ARM.Collect$$libinit$$00000004  c_w.l(libinit2.o)
    0x080001b0   0x00000000   Code   RO          599    .ARM.Collect$$libinit$$0000000A  c_w.l(libinit2.o)
    0x080001b0   0x00000000   Code   RO          601    .ARM.Collect$$libinit$$0000000C  c_w.l(libinit2.o)
    0x080001b0   0x00000004   Code   RO          602    .ARM.Collect$$libinit$$0000000D  c_w.l(libinit2.o)
    0x080001b4   0x00000000   Code   RO          603    .ARM.Collect$$libinit$$0000000E  c_w.l(libinit2.o)
    0x080001b4   0x00000000   Code   RO          606    .ARM.Collect$$libinit$$00000011  c_w.l(libinit2.o)
    0x080001b4   0x00000000   Code   RO          608    .ARM.Collect$$libinit$$00000013  c_w.l(libinit2.o)
    0x080001b4   0x00000000   Code   RO          610    .ARM.Collect$$libinit$$00000015  c_w.l(libinit2.o)
    0x080001b4   0x00000000   Code   RO          612    .ARM.Collect$$libinit$$00000017  c_w.l(libinit2.o)
    0x080001b4   0x00000000   Code   RO          614    .ARM.Collect$$libinit$$00000019  c_w.l(libinit2.o)
    0x080001b4   0x00000000   Code   RO          616    .ARM.Collect$$libinit$$0000001B  c_w.l(libinit2.o)
    0x080001b4   0x00000000   Code   RO          618    .ARM.Collect$$libinit$$0000001D  c_w.l(libinit2.o)
    0x080001b4   0x00000000   Code   RO          620    .ARM.Collect$$libinit$$0000001F  c_w.l(libinit2.o)
    0x080001b4   0x00000000   Code   RO          622    .ARM.Collect$$libinit$$00000021  c_w.l(libinit2.o)
    0x080001b4   0x00000000   Code   RO          624    .ARM.Collect$$libinit$$00000023  c_w.l(libinit2.o)
    0x080001b4   0x00000000   Code   RO          626    .ARM.Collect$$libinit$$00000025  c_w.l(libinit2.o)
    0x080001b4   0x00000000   Code   RO          630    .ARM.Collect$$libinit$$0000002C  c_w.l(libinit2.o)
    0x080001b4   0x00000000   Code   RO          632    .ARM.Collect$$libinit$$0000002E  c_w.l(libinit2.o)
    0x080001b4   0x00000000   Code   RO          634    .ARM.Collect$$libinit$$00000030  c_w.l(libinit2.o)
    0x080001b4   0x00000000   Code   RO          636    .ARM.Collect$$libinit$$00000032  c_w.l(libinit2.o)
    0x080001b4   0x00000002   Code   RO          637    .ARM.Collect$$libinit$$00000033  c_w.l(libinit2.o)
    0x080001b6   0x00000002   Code   RO          717    .ARM.Collect$$libshutdown$$00000000  c_w.l(libshutdown.o)
    0x080001b8   0x00000000   Code   RO          724    .ARM.Collect$$libshutdown$$00000003  c_w.l(libshutdown2.o)
    0x080001b8   0x00000000   Code   RO          727    .ARM.Collect$$libshutdown$$00000006  c_w.l(libshutdown2.o)
    0x080001b8   0x00000000   Code   RO          730    .ARM.Collect$$libshutdown$$00000009  c_w.l(libshutdown2.o)
    0x080001b8   0x00000000   Code   RO          732    .ARM.Collect$$libshutdown$$0000000B  c_w.l(libshutdown2.o)
    0x080001b8   0x00000000   Code   RO          735    .ARM.Collect$$libshutdown$$0000000E  c_w.l(libshutdown2.o)
    0x080001b8   0x00000002   Code   RO          736    .ARM.Collect$$libshutdown$$0000000F  c_w.l(libshutdown2.o)
    0x080001ba   0x00000000   Code   RO          587    .ARM.Collect$$rtentry$$00000000  c_w.l(__rtentry.o)
    0x080001ba   0x00000000   Code   RO          644    .ARM.Collect$$rtentry$$00000002  c_w.l(__rtentry2.o)
    0x080001ba   0x00000006   Code   RO          656    .ARM.Collect$$rtentry$$00000004  c_w.l(__rtentry4.o)
    0x080001c0   0x00000000   Code   RO          646    .ARM.Collect$$rtentry$$00000009  c_w.l(__rtentry2.o)
    0x080001c0   0x00000004   Code   RO          647    .ARM.Collect$$rtentry$$0000000A  c_w.l(__rtentry2.o)
    0x080001c4   0x00000000   Code   RO          649    .ARM.Collect$$rtentry$$0000000C  c_w.l(__rtentry2.o)
    0x080001c4   0x00000008   Code   RO          650    .ARM.Collect$$rtentry$$0000000D  c_w.l(__rtentry2.o)
    0x080001cc   0x00000002   Code   RO          689    .ARM.Collect$$rtexit$$00000000  c_w.l(rtexit.o)
    0x080001ce   0x00000000   Code   RO          699    .ARM.Collect$$rtexit$$00000002  c_w.l(rtexit2.o)
    0x080001ce   0x00000004   Code   RO          700    .ARM.Collect$$rtexit$$00000003  c_w.l(rtexit2.o)
    0x080001d2   0x00000006   Code   RO          701    .ARM.Collect$$rtexit$$00000004  c_w.l(rtexit2.o)
    0x080001d8   0x00000034   Code   RO          564    .emb_text           c_w.l(rand.o)
    0x0800020c   0x00000048   Code   RO            1    .text               main.o
    0x08000254   0x0000001a   Code   RO          139    .text               stm32f10x_it.o
    0x0800026e   0x00000002   PAD
    0x08000270   0x000001e0   Code   RO          180    .text               system_stm32f10x.o
    0x08000450   0x00003f90   Code   RO          213    .text               lcd.o
    0x080043e0   0x000000fc   Code   RO          243    .text               key.o
    0x080044dc   0x00000074   Code   RO          256    .text               timer.o
    0x08004550   0x000001c0   Code   RO          271    .text               exti.o
    0x08004710   0x00000514   Code   RO          287    .text               snake.o
    0x08004c24   0x0000037c   Code   RO          310    .text               rtc.o
    0x08004fa0   0x000000d4   Code   RO          330    .text               delay.o
    0x08005074   0x00000140   Code   RO          361    .text               usart.o
    0x080051b4   0x00000040   Code   RO          397    .text               startup_stm32f10x_hd.o
    0x080051f4   0x0000035c   Code   RO          401    .text               stm32f10x_gpio.o
    0x08005550   0x000003a4   Code   RO          413    .text               stm32f10x_rcc.o
    0x080058f4   0x00000408   Code   RO          427    .text               stm32f10x_usart.o
    0x08005cfc   0x000000dc   Code   RO          439    .text               misc.o
    0x08005dd8   0x0000011c   Code   RO          451    .text               stm32f10x_exti.o
    0x08005ef4   0x00000e1a   Code   RO          463    .text               stm32f10x_tim.o
    0x08006d0e   0x00000002   PAD
    0x08006d10   0x00000148   Code   RO          475    .text               stm32f10x_rtc.o
    0x08006e58   0x000000c4   Code   RO          487    .text               stm32f10x_bkp.o
    0x08006f1c   0x000000cc   Code   RO          499    .text               stm32f10x_pwr.o
    0x08006fe8   0x00000002   Code   RO          513    .text               c_w.l(use_no_semi_2.o)
    0x08006fea   0x00000002   PAD
    0x08006fec   0x00000018   Code   RO          517    .text               c_w.l(noretval__2printf.o)
    0x08007004   0x00000068   Code   RO          519    .text               c_w.l(__printf.o)
    0x0800706c   0x00000058   Code   RO          524    .text               c_w.l(_printf_hex_int.o)
    0x080070c4   0x0000003c   Code   RO          565    .text               c_w.l(rand.o)
    0x08007100   0x00000006   Code   RO          569    .text               c_w.l(heapauxi.o)
    0x08007106   0x00000002   Code   RO          585    .text               c_w.l(use_no_semi.o)
    0x08007108   0x000000b2   Code   RO          588    .text               c_w.l(_printf_intcommon.o)
    0x080071ba   0x00000002   PAD
    0x080071bc   0x00000024   Code   RO          590    .text               c_w.l(_printf_char_file.o)
    0x080071e0   0x00000030   Code   RO          658    .text               c_w.l(_printf_char_common.o)
    0x08007210   0x00000008   Code   RO          660    .text               c_w.l(ferror.o)
    0x08007218   0x0000004a   Code   RO          668    .text               c_w.l(sys_stackheap_outer.o)
    0x08007262   0x0000000c   Code   RO          672    .text               c_w.l(exit.o)
    0x0800726e   0x00000002   PAD
    0x08007270   0x00000008   Code   RO          686    .text               c_w.l(libspace.o)
    0x08007278   0x0000005a   Code   RO          573    x$fpl$dfixu         fz_ws.l(dfixu.o)
    0x080072d2   0x00000026   Code   RO          577    x$fpl$dfltu         fz_ws.l(dflt_clz.o)
    0x080072f8   0x00000154   Code   RO          583    x$fpl$dmul          fz_ws.l(dmul.o)
    0x0800744c   0x0000009c   Code   RO          638    x$fpl$dnaninf       fz_ws.l(dnaninf.o)
    0x080074e8   0x0000000c   Code   RO          640    x$fpl$dretinf       fz_ws.l(dretinf.o)
    0x080074f4   0x00000000   Code   RO          642    x$fpl$usenofp       fz_ws.l(usenofp.o)
    0x080074f4   0x000017c0   Data   RO          215    .constdata          lcd.o
    0x08008cb4   0x00000018   Data   RO          312    .constdata          rtc.o
    0x08008ccc   0x00000028   Data   RO          525    .constdata          c_w.l(_printf_hex_int.o)
    0x08008cf4   0x00000020   Data   RO          753    Region$$Table       anon$$obj.o


    Execution Region RW_IRAM1 (Base: 0x20000000, Size: 0x00000938, Max: 0x0000c000, ABSOLUTE)

    Base Addr    Size         Type   Attr      Idx    E Section Name        Object

    0x20000000   0x00000014   Data   RW          181    .data               system_stm32f10x.o
    0x20000014   0x00000004   Data   RW          216    .data               lcd.o
    0x20000018   0x00000001   Data   RW          244    .data               key.o
    0x20000019   0x00000001   Data   RW          272    .data               exti.o
    0x2000001a   0x00000007   Data   RW          289    .data               snake.o
    0x20000021   0x00000001   PAD
    0x20000022   0x00000002   Data   RW          313    .data               rtc.o
    0x20000024   0x00000004   Data   RW          331    .data               delay.o
    0x20000028   0x00000006   Data   RW          363    .data               usart.o
    0x2000002e   0x00000014   Data   RW          414    .data               stm32f10x_rcc.o
    0x20000042   0x00000002   PAD
    0x20000044   0x0000000e   Zero   RW          214    .bss                lcd.o
    0x20000052   0x000000cb   Zero   RW          288    .bss                snake.o
    0x2000011d   0x00000001   PAD
    0x2000011e   0x0000000a   Zero   RW          311    .bss                rtc.o
    0x20000128   0x000000c8   Zero   RW          362    .bss                usart.o
    0x200001f0   0x000000e4   Zero   RW          566    .bss                c_w.l(rand.o)
    0x200002d4   0x00000060   Zero   RW          687    .bss                c_w.l(libspace.o)
    0x20000334   0x00000004   PAD
    0x20000338   0x00000200   Zero   RW          395    HEAP                startup_stm32f10x_hd.o
    0x20000538   0x00000400   Zero   RW          394    STACK               startup_stm32f10x_hd.o


==============================================================================

Image component sizes


      Code (inc. data)   RO Data    RW Data    ZI Data      Debug   Object Name

       212         18          0          4          0       1007   delay.o
       448         16          0          1          0       1376   exti.o
       252         16          0          1          0        820   key.o
     16272        168       6080          4         14      20167   lcd.o
        72          4          0          0          0     255367   main.o
       220         22          0          0          0       1785   misc.o
       892         28         24          2         10       3628   rtc.o
      1300         96          0          7        203       2565   snake.o
        64         26        304          0       1536        796   startup_stm32f10x_hd.o
       196          8          0          0          0       3448   stm32f10x_bkp.o
       284         10          0          0          0       2215   stm32f10x_exti.o
       860         38          0          0          0       5629   stm32f10x_gpio.o
        26          0          0          0          0     204238   stm32f10x_it.o
       204         14          0          0          0       1911   stm32f10x_pwr.o
       932         36          0         20          0       8792   stm32f10x_rcc.o
       328          4          0          0          0       2662   stm32f10x_rtc.o
      3610         88          0          0          0      22112   stm32f10x_tim.o
      1032         22          0          0          0       8356   stm32f10x_usart.o
         0          0          0          0          0         32   sys.o
       480         38          0         20          0       1719   system_stm32f10x.o
       116          4          0          0          0        760   timer.o
       320         18          0          6        200       3102   usart.o

    ----------------------------------------------------------------------
     28124        674       6440         68       1964     552487   Object Totals
         0          0         32          0          0          0   (incl. Generated)
         4          0          0          3          1          0   (incl. Padding)

    ----------------------------------------------------------------------

      Code (inc. data)   RO Data    RW Data    ZI Data      Debug   Library Member Name

         8          0          0          0          0         68   __main.o
       104          0          0          0          0         84   __printf.o
         0          0          0          0          0          0   __rtentry.o
        12          0          0          0          0          0   __rtentry2.o
         6          0          0          0          0          0   __rtentry4.o
        52          8          0          0          0          0   __scatter.o
        26          0          0          0          0          0   __scatter_copy.o
        28          0          0          0          0          0   __scatter_zi.o
        48          6          0          0          0         96   _printf_char_common.o
        36          4          0          0          0         80   _printf_char_file.o
        88          4         40          0          0         88   _printf_hex_int.o
       178          0          0          0          0         88   _printf_intcommon.o
         0          0          0          0          0          0   _printf_percent.o
         4          0          0          0          0          0   _printf_percent_end.o
         6          0          0          0          0          0   _printf_x.o
        12          0          0          0          0         72   exit.o
         8          0          0          0          0         68   ferror.o
         6          0          0          0          0        152   heapauxi.o
         2          0          0          0          0          0   libinit.o
         6          0          0          0          0          0   libinit2.o
         2          0          0          0          0          0   libshutdown.o
         2          0          0          0          0          0   libshutdown2.o
         8          4          0          0         96         68   libspace.o
        24          4          0          0          0         84   noretval__2printf.o
       112         18          0          0        228        160   rand.o
         2          0          0          0          0          0   rtexit.o
        10          0          0          0          0          0   rtexit2.o
        74          0          0          0          0         80   sys_stackheap_outer.o
         2          0          0          0          0         68   use_no_semi.o
         2          0          0          0          0         68   use_no_semi_2.o
        90          4          0          0          0         92   dfixu.o
        38          0          0          0          0         68   dflt_clz.o
       340         12          0          0          0        104   dmul.o
       156          4          0          0          0         92   dnaninf.o
        12          0          0          0          0         68   dretinf.o
         0          0          0          0          0          0   usenofp.o

    ----------------------------------------------------------------------
      1512         68         40          0        328       1748   Library Totals
         8          0          0          0          4          0   (incl. Padding)

    ----------------------------------------------------------------------

      Code (inc. data)   RO Data    RW Data    ZI Data      Debug   Library Name

       868         48         40          0        324       1324   c_w.l
       636         20          0          0          0        424   fz_ws.l

    ----------------------------------------------------------------------
      1512         68         40          0        328       1748   Library Totals

    ----------------------------------------------------------------------

==============================================================================


      Code (inc. data)   RO Data    RW Data    ZI Data      Debug   

     29636        742       6480         68       2292     551371   Grand Totals
     29636        742       6480         68       2292     551371   ELF Image Totals
     29636        742       6480         68          0          0   ROM Totals

==============================================================================

    Total RO  Size (Code + RO Data)                36116 (  35.27kB)
    Total RW  Size (RW Data + ZI Data)              2360 (   2.30kB)
    Total ROM Size (Code + RO Data + RW Data)      36184 (  35.34kB)

==============================================================================

